18:26:21 **** Incremental Build of configuration Debug for project weather_station ****
make -j8 all 
arm-none-eabi-gcc "../Core/Src/mq9.c" -mcpu=cortex-m4 -std=gnu11 -g3 -DDEBUG -DUSE_HAL_DRIVER -DSTM32F407xx -c -I../Core/Inc -I../Drivers/STM32F4xx_HAL_Driver/Inc -I../Drivers/STM32F4xx_HAL_Driver/Inc/Legacy -I../Drivers/CMSIS/Device/ST/STM32F4xx/Include -I../Drivers/CMSIS/Include -I../USB_DEVICE/App -I../USB_DEVICE/Target -I../Middlewares/ST/STM32_USB_Device_Library/Core/Inc -I../Middlewares/ST/STM32_USB_Device_Library/Class/CDC/Inc -O0 -ffunction-sections -fdata-sections -Wall -fstack-usage -fcyclomatic-complexity -MMD -MP -MF"Core/Src/mq9.d" -MT"Core/Src/mq9.o" --specs=nano.specs -mfpu=fpv4-sp-d16 -mfloat-abi=hard -mthumb -o "Core/Src/mq9.o"
arm-none-eabi-gcc "../Core/Src/system_stm32f4xx.c" -mcpu=cortex-m4 -std=gnu11 -g3 -DDEBUG -DUSE_HAL_DRIVER -DSTM32F407xx -c -I../Core/Inc -I../Drivers/STM32F4xx_HAL_Driver/Inc -I../Drivers/STM32F4xx_HAL_Driver/Inc/Legacy -I../Drivers/CMSIS/Device/ST/STM32F4xx/Include -I../Drivers/CMSIS/Include -I../USB_DEVICE/App -I../USB_DEVICE/Target -I../Middlewares/ST/STM32_USB_Device_Library/Core/Inc -I../Middlewares/ST/STM32_USB_Device_Library/Class/CDC/Inc -O0 -ffunction-sections -fdata-sections -Wall -fstack-usage -fcyclomatic-complexity -MMD -MP -MF"Core/Src/system_stm32f4xx.d" -MT"Core/Src/system_stm32f4xx.o" --specs=nano.specs -mfpu=fpv4-sp-d16 -mfloat-abi=hard -mthumb -o "Core/Src/system_stm32f4xx.o"
../Core/Src/mq9.c: In function 'MQ9_calbration':
../Core/Src/mq9.c:25:36: warning: format '%d' expects argument of type 'int', but argument 3 has type 'double' [-Wformat=]
   25 |                 sprintf(current, "%d", currentValue);
      |                                   ~^   ~~~~~~~~~~~~
      |                                    |   |
      |                                    int double
      |                                   %f
../Core/Src/mq9.c:26:17: warning: implicit declaration of function 'DC_Transmit_FS'; did you mean 'CDC_Transmit_FS'? [-Wimplicit-function-declaration]
   26 |                 DC_Transmit_FS((uint8_t*)"\n\rMQ-9 calibration: ",18);
      |                 ^~~~~~~~~~~~~~
      |                 CDC_Transmit_FS
../Core/Src/mq9.c:28:43: error: 'carb' undeclared (first use in this function)
   28 |                 CDC_Transmit_FS((uint8_t*)carb, strlen(carb));
      |                                           ^~~~
../Core/Src/mq9.c:28:43: note: each undeclared identifier is reported only once for each function it appears in
../Core/Src/mq9.c:36:26: error: 'raw' undeclared (first use in this function)
   36 |         float voltage = (raw * VREF) / ADC_RES;
      |                          ^~~
../Core/Src/mq9.c:37:20: error: 'RL_VALUE' undeclared (first use in this function); did you mean 'LSI_VALUE'?
   37 |         float RS = RL_VALUE * (VREF - voltage) / voltage;
      |                    ^~~~~~~~
      |                    LSI_VALUE
../Core/Src/mq9.c: In function 'MQ9_read_data':
../Core/Src/mq9.c:47:16: error: 'rslt' undeclared (first use in this function)
   47 |         return rslt;
      |                ^~~~
../Core/Src/mq9.c: At top level:
../Core/Src/mq9.c:56:23: error: expected declaration specifiers or '...' before '&' token
   56 |         HAL_ADC_Start(&hadc1);
      |                       ^
../Core/Src/mq9.c:57:37: error: expected declaration specifiers or '...' before '&' token
   57 |           HAL_ADC_PollForConversion(&hadc1, 20);
      |                                     ^
../Core/Src/mq9.c:57:45: error: expected declaration specifiers or '...' before numeric constant
   57 |           HAL_ADC_PollForConversion(&hadc1, 20);
      |                                             ^~
../Core/Src/mq9.c:58:11: warning: data definition has no type or storage class
   58 |           carbonoxide = HAL_ADC_GetValue(&hadc1);
      |           ^~~~~~~~~~~
../Core/Src/mq9.c:58:11: warning: type defaults to 'int' in declaration of 'carbonoxide' [-Wimplicit-int]
../Core/Src/mq9.c:58:25: error: initializer element is not constant
   58 |           carbonoxide = HAL_ADC_GetValue(&hadc1);
      |                         ^~~~~~~~~~~~~~~~
../Core/Src/mq9.c:59:24: error: expected ')' before string constant
   59 |           sprintf(carb, "%d", carbonoxide);   // Sformatuj temperaturę
      |                        ^~~~~
      |                        )
../Core/Src/mq9.c:60:21: error: expected declaration specifiers or '...' before numeric constant
   60 |           HAL_Delay(100);
      |                     ^~~
../Core/Src/mq9.c:61:27: error: expected declaration specifiers or '...' before '(' token
   61 |           CDC_Transmit_FS((uint8_t*)"\n\rCarbon monoxide: ",20);
      |                           ^
../Core/Src/mq9.c:61:61: error: expected declaration specifiers or '...' before numeric constant
   61 |           CDC_Transmit_FS((uint8_t*)"\n\rCarbon monoxide: ",20);
      |                                                             ^~
../Core/Src/mq9.c:62:21: error: expected declaration specifiers or '...' before numeric constant
   62 |           HAL_Delay(100);
      |                     ^~~
../Core/Src/mq9.c:63:27: error: expected declaration specifiers or '...' before '(' token
   63 |           CDC_Transmit_FS((uint8_t*)carb, strlen(carb));
      |                           ^
../Core/Src/mq9.c:63:43: error: expected declaration specifiers or '...' before 'strlen'
   63 |           CDC_Transmit_FS((uint8_t*)carb, strlen(carb));
      |                                           ^~~~~~
../Core/Src/mq9.c: In function 'MQ9_read_data':
../Core/Src/mq9.c:48:1: warning: control reaches end of non-void function [-Wreturn-type]
   48 | }
      | ^
make: *** [Core/Src/subdir.mk:58: Core/Src/mq9.o] Error 1
make: *** Waiting for unfinished jobs....
"make -j8 all" terminated with exit code 2. Build might be incomplete.
18:26:24 **** Incremental Build of configuration Debug for project weather_station ****
make -j8 all 
arm-none-eabi-gcc "../Core/Src/mq9.c" -mcpu=cortex-m4 -std=gnu11 -g3 -DDEBUG -DUSE_HAL_DRIVER -DSTM32F407xx -c -I../Core/Inc -I../Drivers/STM32F4xx_HAL_Driver/Inc -I../Drivers/STM32F4xx_HAL_Driver/Inc/Legacy -I../Drivers/CMSIS/Device/ST/STM32F4xx/Include -I../Drivers/CMSIS/Include -I../USB_DEVICE/App -I../USB_DEVICE/Target -I../Middlewares/ST/STM32_USB_Device_Library/Core/Inc -I../Middlewares/ST/STM32_USB_Device_Library/Class/CDC/Inc -O0 -ffunction-sections -fdata-sections -Wall -fstack-usage -fcyclomatic-complexity -MMD -MP -MF"Core/Src/mq9.d" -MT"Core/Src/mq9.o" --specs=nano.specs -mfpu=fpv4-sp-d16 -mfloat-abi=hard -mthumb -o "Core/Src/mq9.o"
../Core/Src/mq9.c: In function 'MQ9_calbration':
../Core/Src/mq9.c:25:36: warning: format '%d' expects argument of type 'int', but argument 3 has type 'double' [-Wformat=]
   25 |                 sprintf(current, "%d", currentValue);
      |                                   ~^   ~~~~~~~~~~~~
      |                                    |   |
      |                                    int double
      |                                   %f
../Core/Src/mq9.c:26:17: warning: implicit declaration of function 'DC_Transmit_FS'; did you mean 'CDC_Transmit_FS'? [-Wimplicit-function-declaration]
   26 |                 DC_Transmit_FS((uint8_t*)"\n\rMQ-9 calibration: ",18);
      |                 ^~~~~~~~~~~~~~
      |                 CDC_Transmit_FS
../Core/Src/mq9.c:28:43: error: 'carb' undeclared (first use in this function)
   28 |                 CDC_Transmit_FS((uint8_t*)carb, strlen(carb));
      |                                           ^~~~
../Core/Src/mq9.c:28:43: note: each undeclared identifier is reported only once for each function it appears in
../Core/Src/mq9.c:36:26: error: 'raw' undeclared (first use in this function)
   36 |         float voltage = (raw * VREF) / ADC_RES;
      |                          ^~~
../Core/Src/mq9.c:37:20: error: 'RL_VALUE' undeclared (first use in this function); did you mean 'LSI_VALUE'?
   37 |         float RS = RL_VALUE * (VREF - voltage) / voltage;
      |                    ^~~~~~~~
      |                    LSI_VALUE
../Core/Src/mq9.c: In function 'MQ9_read_data':
../Core/Src/mq9.c:47:16: error: 'rslt' undeclared (first use in this function)
   47 |         return rslt;
      |                ^~~~
../Core/Src/mq9.c: At top level:
../Core/Src/mq9.c:56:23: error: expected declaration specifiers or '...' before '&' token
   56 |         HAL_ADC_Start(&hadc1);
      |                       ^
../Core/Src/mq9.c:57:37: error: expected declaration specifiers or '...' before '&' token
   57 |           HAL_ADC_PollForConversion(&hadc1, 20);
      |                                     ^
../Core/Src/mq9.c:57:45: error: expected declaration specifiers or '...' before numeric constant
   57 |           HAL_ADC_PollForConversion(&hadc1, 20);
      |                                             ^~
../Core/Src/mq9.c:58:11: warning: data definition has no type or storage class
   58 |           carbonoxide = HAL_ADC_GetValue(&hadc1);
      |           ^~~~~~~~~~~
../Core/Src/mq9.c:58:11: warning: type defaults to 'int' in declaration of 'carbonoxide' [-Wimplicit-int]
../Core/Src/mq9.c:58:25: error: initializer element is not constant
   58 |           carbonoxide = HAL_ADC_GetValue(&hadc1);
      |                         ^~~~~~~~~~~~~~~~
../Core/Src/mq9.c:59:24: error: expected ')' before string constant
   59 |           sprintf(carb, "%d", carbonoxide);   // Sformatuj temperaturę
      |                        ^~~~~
      |                        )
../Core/Src/mq9.c:60:21: error: expected declaration specifiers or '...' before numeric constant
   60 |           HAL_Delay(100);
      |                     ^~~
../Core/Src/mq9.c:61:27: error: expected declaration specifiers or '...' before '(' token
   61 |           CDC_Transmit_FS((uint8_t*)"\n\rCarbon monoxide: ",20);
      |                           ^
../Core/Src/mq9.c:61:61: error: expected declaration specifiers or '...' before numeric constant
   61 |           CDC_Transmit_FS((uint8_t*)"\n\rCarbon monoxide: ",20);
      |                                                             ^~
../Core/Src/mq9.c:62:21: error: expected declaration specifiers or '...' before numeric constant
   62 |           HAL_Delay(100);
      |                     ^~~
../Core/Src/mq9.c:63:27: error: expected declaration specifiers or '...' before '(' token
   63 |           CDC_Transmit_FS((uint8_t*)carb, strlen(carb));
      |                           ^
../Core/Src/mq9.c:63:43: error: expected declaration specifiers or '...' before 'strlen'
   63 |           CDC_Transmit_FS((uint8_t*)carb, strlen(carb));
      |                                           ^~~~~~
../Core/Src/mq9.c: In function 'MQ9_read_data':
../Core/Src/mq9.c:48:1: warning: control reaches end of non-void function [-Wreturn-type]
   48 | }
      | ^
make: *** [Core/Src/subdir.mk:58: Core/Src/mq9.o] Error 1
"make -j8 all" terminated with exit code 2. Build might be incomplete.
18:27:05 **** Incremental Build of configuration Debug for project weather_station ****
make -j8 all 
arm-none-eabi-gcc "../Core/Src/mq9.c" -mcpu=cortex-m4 -std=gnu11 -g3 -DDEBUG -DUSE_HAL_DRIVER -DSTM32F407xx -c -I../Core/Inc -I../Drivers/STM32F4xx_HAL_Driver/Inc -I../Drivers/STM32F4xx_HAL_Driver/Inc/Legacy -I../Drivers/CMSIS/Device/ST/STM32F4xx/Include -I../Drivers/CMSIS/Include -I../USB_DEVICE/App -I../USB_DEVICE/Target -I../Middlewares/ST/STM32_USB_Device_Library/Core/Inc -I../Middlewares/ST/STM32_USB_Device_Library/Class/CDC/Inc -O0 -ffunction-sections -fdata-sections -Wall -fstack-usage -fcyclomatic-complexity -MMD -MP -MF"Core/Src/mq9.d" -MT"Core/Src/mq9.o" --specs=nano.specs -mfpu=fpv4-sp-d16 -mfloat-abi=hard -mthumb -o "Core/Src/mq9.o"
../Core/Src/mq9.c: In function 'MQ9_calbration':
../Core/Src/mq9.c:25:36: warning: format '%d' expects argument of type 'int', but argument 3 has type 'double' [-Wformat=]
   25 |                 sprintf(current, "%d", currentValue);
      |                                   ~^   ~~~~~~~~~~~~
      |                                    |   |
      |                                    int double
      |                                   %f
../Core/Src/mq9.c:26:17: warning: implicit declaration of function 'DC_Transmit_FS'; did you mean 'CDC_Transmit_FS'? [-Wimplicit-function-declaration]
   26 |                 DC_Transmit_FS((uint8_t*)"\n\rMQ-9 calibration: ",18);
      |                 ^~~~~~~~~~~~~~
      |                 CDC_Transmit_FS
../Core/Src/mq9.c:36:26: error: 'raw' undeclared (first use in this function)
   36 |         float voltage = (raw * VREF) / ADC_RES;
      |                          ^~~
../Core/Src/mq9.c:36:26: note: each undeclared identifier is reported only once for each function it appears in
../Core/Src/mq9.c:37:20: error: 'RL_VALUE' undeclared (first use in this function); did you mean 'LSI_VALUE'?
   37 |         float RS = RL_VALUE * (VREF - voltage) / voltage;
      |                    ^~~~~~~~
      |                    LSI_VALUE
../Core/Src/mq9.c: In function 'MQ9_read_data':
../Core/Src/mq9.c:47:16: error: 'rslt' undeclared (first use in this function)
   47 |         return rslt;
      |                ^~~~
../Core/Src/mq9.c: At top level:
../Core/Src/mq9.c:56:23: error: expected declaration specifiers or '...' before '&' token
   56 |         HAL_ADC_Start(&hadc1);
      |                       ^
../Core/Src/mq9.c:57:37: error: expected declaration specifiers or '...' before '&' token
   57 |           HAL_ADC_PollForConversion(&hadc1, 20);
      |                                     ^
../Core/Src/mq9.c:57:45: error: expected declaration specifiers or '...' before numeric constant
   57 |           HAL_ADC_PollForConversion(&hadc1, 20);
      |                                             ^~
../Core/Src/mq9.c:58:11: warning: data definition has no type or storage class
   58 |           carbonoxide = HAL_ADC_GetValue(&hadc1);
      |           ^~~~~~~~~~~
../Core/Src/mq9.c:58:11: warning: type defaults to 'int' in declaration of 'carbonoxide' [-Wimplicit-int]
../Core/Src/mq9.c:58:25: error: initializer element is not constant
   58 |           carbonoxide = HAL_ADC_GetValue(&hadc1);
      |                         ^~~~~~~~~~~~~~~~
../Core/Src/mq9.c:59:24: error: expected ')' before string constant
   59 |           sprintf(carb, "%d", carbonoxide);   // Sformatuj temperaturę
      |                        ^~~~~
      |                        )
../Core/Src/mq9.c:60:21: error: expected declaration specifiers or '...' before numeric constant
   60 |           HAL_Delay(100);
      |                     ^~~
../Core/Src/mq9.c:61:27: error: expected declaration specifiers or '...' before '(' token
   61 |           CDC_Transmit_FS((uint8_t*)"\n\rCarbon monoxide: ",20);
      |                           ^
../Core/Src/mq9.c:61:61: error: expected declaration specifiers or '...' before numeric constant
   61 |           CDC_Transmit_FS((uint8_t*)"\n\rCarbon monoxide: ",20);
      |                                                             ^~
../Core/Src/mq9.c:62:21: error: expected declaration specifiers or '...' before numeric constant
   62 |           HAL_Delay(100);
      |                     ^~~
../Core/Src/mq9.c:63:27: error: expected declaration specifiers or '...' before '(' token
   63 |           CDC_Transmit_FS((uint8_t*)carb, strlen(carb));
      |                           ^
../Core/Src/mq9.c:63:43: error: expected declaration specifiers or '...' before 'strlen'
   63 |           CDC_Transmit_FS((uint8_t*)carb, strlen(carb));
      |                                           ^~~~~~
../Core/Src/mq9.c: In function 'MQ9_read_data':
../Core/Src/mq9.c:48:1: warning: control reaches end of non-void function [-Wreturn-type]
   48 | }
      | ^
make: *** [Core/Src/subdir.mk:58: Core/Src/mq9.o] Error 1
"make -j8 all" terminated with exit code 2. Build might be incomplete.
18:29:05 **** Incremental Build of configuration Debug for project weather_station ****
make -j8 all 
arm-none-eabi-gcc "../Core/Src/mq9.c" -mcpu=cortex-m4 -std=gnu11 -g3 -DDEBUG -DUSE_HAL_DRIVER -DSTM32F407xx -c -I../Core/Inc -I../Drivers/STM32F4xx_HAL_Driver/Inc -I../Drivers/STM32F4xx_HAL_Driver/Inc/Legacy -I../Drivers/CMSIS/Device/ST/STM32F4xx/Include -I../Drivers/CMSIS/Include -I../USB_DEVICE/App -I../USB_DEVICE/Target -I../Middlewares/ST/STM32_USB_Device_Library/Core/Inc -I../Middlewares/ST/STM32_USB_Device_Library/Class/CDC/Inc -O0 -ffunction-sections -fdata-sections -Wall -fstack-usage -fcyclomatic-complexity -MMD -MP -MF"Core/Src/mq9.d" -MT"Core/Src/mq9.o" --specs=nano.specs -mfpu=fpv4-sp-d16 -mfloat-abi=hard -mthumb -o "Core/Src/mq9.o"
../Core/Src/mq9.c: In function 'MQ9_calbration':
../Core/Src/mq9.c:25:36: warning: format '%d' expects argument of type 'int', but argument 3 has type 'double' [-Wformat=]
   25 |                 sprintf(current, "%d", currentValue);
      |                                   ~^   ~~~~~~~~~~~~
      |                                    |   |
      |                                    int double
      |                                   %f
../Core/Src/mq9.c:26:17: warning: implicit declaration of function 'DC_Transmit_FS'; did you mean 'CDC_Transmit_FS'? [-Wimplicit-function-declaration]
   26 |                 DC_Transmit_FS((uint8_t*)"\n\rMQ-9 calibration: ",18);
      |                 ^~~~~~~~~~~~~~
      |                 CDC_Transmit_FS
arm-none-eabi-gcc -o "weather_station.elf" @"objects.list"   -mcpu=cortex-m4 -T"C:\Users\damia\STM32CubeIDE\projekt_sen\weather_station\STM32F407VGTX_FLASH.ld" --specs=nosys.specs -Wl,-Map="weather_station.map" -Wl,--gc-sections -static --specs=nano.specs -mfpu=fpv4-sp-d16 -mfloat-abi=hard -mthumb -u _printf_float -Wl,--start-group -lc -lm -Wl,--end-group
C:/ST/STM32CubeIDE_1.18.0/STM32CubeIDE/plugins/com.st.stm32cube.ide.mcu.externaltools.gnu-tools-for-stm32.13.3.rel1.win32_1.0.0.202411081344/tools/bin/../lib/gcc/arm-none-eabi/13.3.1/../../../../arm-none-eabi/bin/ld.exe: ./Core/Src/mq9.o: in function `print_sensor_data':
C:/Users/damia/STM32CubeIDE/projekt_sen/weather_station/Debug/../Core/Src/mq9.c:50: multiple definition of `print_sensor_data'; ./Core/Src/bme280_add.o:C:/Users/damia/STM32CubeIDE/projekt_sen/weather_station/Debug/../Core/Src/bme280_add.c:72: first defined here
C:/ST/STM32CubeIDE_1.18.0/STM32CubeIDE/plugins/com.st.stm32cube.ide.mcu.externaltools.gnu-tools-for-stm32.13.3.rel1.win32_1.0.0.202411081344/tools/bin/../lib/gcc/arm-none-eabi/13.3.1/../../../../arm-none-eabi/bin/ld.exe: ./Core/Src/mq9.o: in function `MQ9_calbration':
C:/Users/damia/STM32CubeIDE/projekt_sen/weather_station/Debug/../Core/Src/mq9.c:26:(.text.MQ9_calbration+0x52): undefined reference to `DC_Transmit_FS'
collect2.exe: error: ld returned 1 exit status
make: *** [makefile:68: weather_station.elf] Error 1
"make -j8 all" terminated with exit code 2. Build might be incomplete.
18:29:58 **** Incremental Build of configuration Debug for project weather_station ****
make -j8 all 
arm-none-eabi-gcc "../Core/Src/mq9.c" -mcpu=cortex-m4 -std=gnu11 -g3 -DDEBUG -DUSE_HAL_DRIVER -DSTM32F407xx -c -I../Core/Inc -I../Drivers/STM32F4xx_HAL_Driver/Inc -I../Drivers/STM32F4xx_HAL_Driver/Inc/Legacy -I../Drivers/CMSIS/Device/ST/STM32F4xx/Include -I../Drivers/CMSIS/Include -I../USB_DEVICE/App -I../USB_DEVICE/Target -I../Middlewares/ST/STM32_USB_Device_Library/Core/Inc -I../Middlewares/ST/STM32_USB_Device_Library/Class/CDC/Inc -O0 -ffunction-sections -fdata-sections -Wall -fstack-usage -fcyclomatic-complexity -MMD -MP -MF"Core/Src/mq9.d" -MT"Core/Src/mq9.o" --specs=nano.specs -mfpu=fpv4-sp-d16 -mfloat-abi=hard -mthumb -o "Core/Src/mq9.o"
../Core/Src/mq9.c: In function 'MQ9_calbration':
../Core/Src/mq9.c:25:36: warning: format '%d' expects argument of type 'int', but argument 3 has type 'double' [-Wformat=]
   25 |                 sprintf(current, "%d", currentValue);
      |                                   ~^   ~~~~~~~~~~~~
      |                                    |   |
      |                                    int double
      |                                   %f
../Core/Src/mq9.c:26:17: warning: implicit declaration of function 'DC_Transmit_FS'; did you mean 'CDC_Transmit_FS'? [-Wimplicit-function-declaration]
   26 |                 DC_Transmit_FS((uint8_t*)"\n\rMQ-9 calibration: ",18);
      |                 ^~~~~~~~~~~~~~
      |                 CDC_Transmit_FS
arm-none-eabi-gcc -o "weather_station.elf" @"objects.list"   -mcpu=cortex-m4 -T"C:\Users\damia\STM32CubeIDE\projekt_sen\weather_station\STM32F407VGTX_FLASH.ld" --specs=nosys.specs -Wl,-Map="weather_station.map" -Wl,--gc-sections -static --specs=nano.specs -mfpu=fpv4-sp-d16 -mfloat-abi=hard -mthumb -u _printf_float -Wl,--start-group -lc -lm -Wl,--end-group
C:/ST/STM32CubeIDE_1.18.0/STM32CubeIDE/plugins/com.st.stm32cube.ide.mcu.externaltools.gnu-tools-for-stm32.13.3.rel1.win32_1.0.0.202411081344/tools/bin/../lib/gcc/arm-none-eabi/13.3.1/../../../../arm-none-eabi/bin/ld.exe: ./Core/Src/mq9.o: in function `MQ9_calbration':
C:/Users/damia/STM32CubeIDE/projekt_sen/weather_station/Debug/../Core/Src/mq9.c:26:(.text.MQ9_calbration+0x52): undefined reference to `DC_Transmit_FS'
collect2.exe: error: ld returned 1 exit status
make: *** [makefile:68: weather_station.elf] Error 1
"make -j8 all" terminated with exit code 2. Build might be incomplete.
18:30:23 **** Incremental Build of configuration Debug for project weather_station ****
make -j8 all 
arm-none-eabi-gcc -o "weather_station.elf" @"objects.list"   -mcpu=cortex-m4 -T"C:\Users\damia\STM32CubeIDE\projekt_sen\weather_station\STM32F407VGTX_FLASH.ld" --specs=nosys.specs -Wl,-Map="weather_station.map" -Wl,--gc-sections -static --specs=nano.specs -mfpu=fpv4-sp-d16 -mfloat-abi=hard -mthumb -u _printf_float -Wl,--start-group -lc -lm -Wl,--end-group
C:/ST/STM32CubeIDE_1.18.0/STM32CubeIDE/plugins/com.st.stm32cube.ide.mcu.externaltools.gnu-tools-for-stm32.13.3.rel1.win32_1.0.0.202411081344/tools/bin/../lib/gcc/arm-none-eabi/13.3.1/../../../../arm-none-eabi/bin/ld.exe: ./Core/Src/mq9.o: in function `MQ9_calbration':
C:/Users/damia/STM32CubeIDE/projekt_sen/weather_station/Debug/../Core/Src/mq9.c:26:(.text.MQ9_calbration+0x52): undefined reference to `DC_Transmit_FS'
collect2.exe: error: ld returned 1 exit status
make: *** [makefile:68: weather_station.elf] Error 1
"make -j8 all" terminated with exit code 2. Build might be incomplete.
18:30:59 **** Incremental Build of configuration Debug for project weather_station ****
make -j8 all 
arm-none-eabi-gcc -o "weather_station.elf" @"objects.list"   -mcpu=cortex-m4 -T"C:\Users\damia\STM32CubeIDE\projekt_sen\weather_station\STM32F407VGTX_FLASH.ld" --specs=nosys.specs -Wl,-Map="weather_station.map" -Wl,--gc-sections -static --specs=nano.specs -mfpu=fpv4-sp-d16 -mfloat-abi=hard -mthumb -u _printf_float -Wl,--start-group -lc -lm -Wl,--end-group
C:/ST/STM32CubeIDE_1.18.0/STM32CubeIDE/plugins/com.st.stm32cube.ide.mcu.externaltools.gnu-tools-for-stm32.13.3.rel1.win32_1.0.0.202411081344/tools/bin/../lib/gcc/arm-none-eabi/13.3.1/../../../../arm-none-eabi/bin/ld.exe: ./Core/Src/mq9.o: in function `MQ9_calbration':
C:/Users/damia/STM32CubeIDE/projekt_sen/weather_station/Debug/../Core/Src/mq9.c:26:(.text.MQ9_calbration+0x52): undefined reference to `DC_Transmit_FS'
collect2.exe: error: ld returned 1 exit status
make: *** [makefile:68: weather_station.elf] Error 1
"make -j8 all" terminated with exit code 2. Build might be incomplete.
18:31:50 **** Clean-only build of configuration Debug for project weather_station ****
make -j8 clean 
rm -rf ./USB_DEVICE/Target/usbd_conf.cyclo ./USB_DEVICE/Target/usbd_conf.d ./USB_DEVICE/Target/usbd_conf.o ./USB_DEVICE/Target/usbd_conf.su
rm -rf ./USB_DEVICE/App/usb_device.cyclo ./USB_DEVICE/App/usb_device.d ./USB_DEVICE/App/usb_device.o ./USB_DEVICE/App/usb_device.su ./USB_DEVICE/App/usbd_cdc_if.cyclo ./USB_DEVICE/App/usbd_cdc_if.d ./USB_DEVICE/App/usbd_cdc_if.o ./USB_DEVICE/App/usbd_cdc_if.su ./USB_DEVICE/App/usbd_desc.cyclo ./USB_DEVICE/App/usbd_desc.d ./USB_DEVICE/App/usbd_desc.o ./USB_DEVICE/App/usbd_desc.su
rm -rf ./Middlewares/ST/STM32_USB_Device_Library/Core/Src/usbd_core.cyclo ./Middlewares/ST/STM32_USB_Device_Library/Core/Src/usbd_core.d ./Middlewares/ST/STM32_USB_Device_Library/Core/Src/usbd_core.o ./Middlewares/ST/STM32_USB_Device_Library/Core/Src/usbd_core.su ./Middlewares/ST/STM32_USB_Device_Library/Core/Src/usbd_ctlreq.cyclo ./Middlewares/ST/STM32_USB_Device_Library/Core/Src/usbd_ctlreq.d ./Middlewares/ST/STM32_USB_Device_Library/Core/Src/usbd_ctlreq.o ./Middlewares/ST/STM32_USB_Device_Library/Core/Src/usbd_ctlreq.su ./Middlewares/ST/STM32_USB_Device_Library/Core/Src/usbd_ioreq.cyclo ./Middlewares/ST/STM32_USB_Device_Library/Core/Src/usbd_ioreq.d ./Middlewares/ST/STM32_USB_Device_Library/Core/Src/usbd_ioreq.o ./Middlewares/ST/STM32_USB_Device_Library/Core/Src/usbd_ioreq.su
rm -rf ./Middlewares/ST/STM32_USB_Device_Library/Class/CDC/Src/usbd_cdc.cyclo ./Middlewares/ST/STM32_USB_Device_Library/Class/CDC/Src/usbd_cdc.d ./Middlewares/ST/STM32_USB_Device_Library/Class/CDC/Src/usbd_cdc.o ./Middlewares/ST/STM32_USB_Device_Library/Class/CDC/Src/usbd_cdc.su
rm -rf ./Drivers/STM32F4xx_HAL_Driver/Src/stm32f4xx_hal.cyclo ./Drivers/STM32F4xx_HAL_Driver/Src/stm32f4xx_hal.d ./Drivers/STM32F4xx_HAL_Driver/Src/stm32f4xx_hal.o ./Drivers/STM32F4xx_HAL_Driver/Src/stm32f4xx_hal.su ./Drivers/STM32F4xx_HAL_Driver/Src/stm32f4xx_hal_adc.cyclo ./Drivers/STM32F4xx_HAL_Driver/Src/stm32f4xx_hal_adc.d ./Drivers/STM32F4xx_HAL_Driver/Src/stm32f4xx_hal_adc.o ./Drivers/STM32F4xx_HAL_Driver/Src/stm32f4xx_hal_adc.su ./Drivers/STM32F4xx_HAL_Driver/Src/stm32f4xx_hal_adc_ex.cyclo ./Drivers/STM32F4xx_HAL_Driver/Src/stm32f4xx_hal_adc_ex.d ./Drivers/STM32F4xx_HAL_Driver/Src/stm32f4xx_hal_adc_ex.o ./Drivers/STM32F4xx_HAL_Driver/Src/stm32f4xx_hal_adc_ex.su ./Drivers/STM32F4xx_HAL_Driver/Src/stm32f4xx_hal_cortex.cyclo ./Drivers/STM32F4xx_HAL_Driver/Src/stm32f4xx_hal_cortex.d ./Drivers/STM32F4xx_HAL_Driver/Src/stm32f4xx_hal_cortex.o ./Drivers/STM32F4xx_HAL_Driver/Src/stm32f4xx_hal_cortex.su ./Drivers/STM32F4xx_HAL_Driver/Src/stm32f4xx_hal_dma.cyclo ./Drivers/STM32F4xx_HAL_Driver/Src/stm32f4xx_hal_dma.d ./Drivers/STM32F4xx_HAL_Driver/Src/stm32f4xx_hal_dma.o ./Drivers/STM32F4xx_HAL_Driver/Src/stm32f4xx_hal_dma.su ./Drivers/STM32F4xx_HAL_Driver/Src/stm32f4xx_hal_dma_ex.cyclo ./Drivers/STM32F4xx_HAL_Driver/Src/stm32f4xx_hal_dma_ex.d ./Drivers/STM32F4xx_HAL_Driver/Src/stm32f4xx_hal_dma_ex.o ./Drivers/STM32F4xx_HAL_Driver/Src/stm32f4xx_hal_dma_ex.su ./Drivers/STM32F4xx_HAL_Driver/Src/stm32f4xx_hal_exti.cyclo ./Drivers/STM32F4xx_HAL_Driver/Src/stm32f4xx_hal_exti.d ./Drivers/STM32F4xx_HAL_Driver/Src/stm32f4xx_hal_exti.o ./Drivers/STM32F4xx_HAL_Driver/Src/stm32f4xx_hal_exti.su ./Drivers/STM32F4xx_HAL_Driver/Src/stm32f4xx_hal_flash.cyclo ./Drivers/STM32F4xx_HAL_Driver/Src/stm32f4xx_hal_flash.d ./Drivers/STM32F4xx_HAL_Driver/Src/stm32f4xx_hal_flash.o ./Drivers/STM32F4xx_HAL_Driver/Src/stm32f4xx_hal_flash.su ./Drivers/STM32F4xx_HAL_Driver/Src/stm32f4xx_hal_flash_ex.cyclo ./Drivers/STM32F4xx_HAL_Driver/Src/stm32f4xx_hal_flash_ex.d ./Drivers/STM32F4xx_HAL_Driver/Src/stm32f4xx_hal_flash_ex.o ./Drivers/STM32F4xx_HAL_Driver/Src/stm32f4xx_hal_flash_ex.su ./Drivers/STM32F4xx_HAL_Driver/Src/stm32f4xx_hal_flash_ramfunc.cyclo ./Drivers/STM32F4xx_HAL_Driver/Src/stm32f4xx_hal_flash_ramfunc.d ./Drivers/STM32F4xx_HAL_Driver/Src/stm32f4xx_hal_flash_ramfunc.o ./Drivers/STM32F4xx_HAL_Driver/Src/stm32f4xx_hal_flash_ramfunc.su ./Drivers/STM32F4xx_HAL_Driver/Src/stm32f4xx_hal_gpio.cyclo ./Drivers/STM32F4xx_HAL_Driver/Src/stm32f4xx_hal_gpio.d ./Drivers/STM32F4xx_HAL_Driver/Src/stm32f4xx_hal_gpio.o ./Drivers/STM32F4xx_HAL_Driver/Src/stm32f4xx_hal_gpio.su ./Drivers/STM32F4xx_HAL_Driver/Src/stm32f4xx_hal_i2c.cyclo ./Drivers/STM32F4xx_HAL_Driver/Src/stm32f4xx_hal_i2c.d ./Drivers/STM32F4xx_HAL_Driver/Src/stm32f4xx_hal_i2c.o ./Drivers/STM32F4xx_HAL_Driver/Src/stm32f4xx_hal_i2c.su ./Drivers/STM32F4xx_HAL_Driver/Src/stm32f4xx_hal_i2c_ex.cyclo ./Drivers/STM32F4xx_HAL_Driver/Src/stm32f4xx_hal_i2c_ex.d ./Drivers/STM32F4xx_HAL_Driver/Src/stm32f4xx_hal_i2c_ex.o ./Drivers/STM32F4xx_HAL_Driver/Src/stm32f4xx_hal_i2c_ex.su ./Drivers/STM32F4xx_HAL_Driver/Src/stm32f4xx_hal_i2s.cyclo ./Drivers/STM32F4xx_HAL_Driver/Src/stm32f4xx_hal_i2s.d ./Drivers/STM32F4xx_HAL_Driver/Src/stm32f4xx_hal_i2s.o ./Drivers/STM32F4xx_HAL_Driver/Src/stm32f4xx_hal_i2s.su ./Drivers/STM32F4xx_HAL_Driver/Src/stm32f4xx_hal_i2s_ex.cyclo ./Drivers/STM32F4xx_HAL_Driver/Src/stm32f4xx_hal_i2s_ex.d ./Drivers/STM32F4xx_HAL_Driver/Src/stm32f4xx_hal_i2s_ex.o ./Drivers/STM32F4xx_HAL_Driver/Src/stm32f4xx_hal_i2s_ex.su ./Drivers/STM32F4xx_HAL_Driver/Src/stm32f4xx_hal_pcd.cyclo ./Drivers/STM32F4xx_HAL_Driver/Src/stm32f4xx_hal_pcd.d ./Drivers/STM32F4xx_HAL_Driver/Src/stm32f4xx_hal_pcd.o ./Drivers/STM32F4xx_HAL_Driver/Src/stm32f4xx_hal_pcd.su ./Drivers/STM32F4xx_HAL_Driver/Src/stm32f4xx_hal_pcd_ex.cyclo ./Drivers/STM32F4xx_HAL_Driver/Src/stm32f4xx_hal_pcd_ex.d ./Drivers/STM32F4xx_HAL_Driver/Src/stm32f4xx_hal_pcd_ex.o ./Drivers/STM32F4xx_HAL_Driver/Src/stm32f4xx_hal_pcd_ex.su ./Drivers/STM32F4xx_HAL_Driver/Src/stm32f4xx_hal_pwr.cyclo ./Drivers/STM32F4xx_HAL_Driver/Src/stm32f4xx_hal_pwr.d ./Drivers/STM32F4xx_HAL_Driver/Src/stm32f4xx_hal_pwr.o ./Drivers/STM32F4xx_HAL_Driver/Src/stm32f4xx_hal_pwr.su ./Drivers/STM32F4xx_HAL_Driver/Src/stm32f4xx_hal_pwr_ex.cyclo ./Drivers/STM32F4xx_HAL_Driver/Src/stm32f4xx_hal_pwr_ex.d ./Drivers/STM32F4xx_HAL_Driver/Src/stm32f4xx_hal_pwr_ex.o ./Drivers/STM32F4xx_HAL_Driver/Src/stm32f4xx_hal_pwr_ex.su ./Drivers/STM32F4xx_HAL_Driver/Src/stm32f4xx_hal_rcc.cyclo ./Drivers/STM32F4xx_HAL_Driver/Src/stm32f4xx_hal_rcc.d ./Drivers/STM32F4xx_HAL_Driver/Src/stm32f4xx_hal_rcc.o ./Drivers/STM32F4xx_HAL_Driver/Src/stm32f4xx_hal_rcc.su ./Drivers/STM32F4xx_HAL_Driver/Src/stm32f4xx_hal_rcc_ex.cyclo ./Drivers/STM32F4xx_HAL_Driver/Src/stm32f4xx_hal_rcc_ex.d ./Drivers/STM32F4xx_HAL_Driver/Src/stm32f4xx_hal_rcc_ex.o ./Drivers/STM32F4xx_HAL_Driver/Src/stm32f4xx_hal_rcc_ex.su ./Drivers/STM32F4xx_HAL_Driver/Src/stm32f4xx_hal_spi.cyclo ./Drivers/STM32F4xx_HAL_Driver/Src/stm32f4xx_hal_spi.d ./Drivers/STM32F4xx_HAL_Driver/Src/stm32f4xx_hal_spi.o ./Drivers/STM32F4xx_HAL_Driver/Src/stm32f4xx_hal_spi.su ./Drivers/STM32F4xx_HAL_Driver/Src/stm32f4xx_ll_adc.cyclo ./Drivers/STM32F4xx_HAL_Driver/Src/stm32f4xx_ll_adc.d ./Drivers/STM32F4xx_HAL_Driver/Src/stm32f4xx_ll_adc.o ./Drivers/STM32F4xx_HAL_Driver/Src/stm32f4xx_ll_adc.su ./Drivers/STM32F4xx_HAL_Driver/Src/stm32f4xx_ll_usb.cyclo ./Drivers/STM32F4xx_HAL_Driver/Src/stm32f4xx_ll_usb.d ./Drivers/STM32F4xx_HAL_Driver/Src/stm32f4xx_ll_usb.o ./Drivers/STM32F4xx_HAL_Driver/Src/stm32f4xx_ll_usb.su
rm -rf ./Core/Startup/startup_stm32f407vgtx.d ./Core/Startup/startup_stm32f407vgtx.o
rm -rf ./Core/Src/adc.cyclo ./Core/Src/adc.d ./Core/Src/adc.o ./Core/Src/adc.su ./Core/Src/bme280.cyclo ./Core/Src/bme280.d ./Core/Src/bme280.o ./Core/Src/bme280.su ./Core/Src/bme280_add.cyclo ./Core/Src/bme280_add.d ./Core/Src/bme280_add.o ./Core/Src/bme280_add.su ./Core/Src/gpio.cyclo ./Core/Src/gpio.d ./Core/Src/gpio.o ./Core/Src/gpio.su ./Core/Src/i2c.cyclo ./Core/Src/i2c.d ./Core/Src/i2c.o ./Core/Src/i2c.su ./Core/Src/i2s.cyclo ./Core/Src/i2s.d ./Core/Src/i2s.o ./Core/Src/i2s.su ./Core/Src/main.cyclo ./Core/Src/main.d ./Core/Src/main.o ./Core/Src/main.su ./Core/Src/mq9.cyclo ./Core/Src/mq9.d ./Core/Src/mq9.o ./Core/Src/mq9.su ./Core/Src/spi.cyclo ./Core/Src/spi.d ./Core/Src/spi.o ./Core/Src/spi.su ./Core/Src/stm32f4xx_hal_msp.cyclo ./Core/Src/stm32f4xx_hal_msp.d ./Core/Src/stm32f4xx_hal_msp.o ./Core/Src/stm32f4xx_hal_msp.su ./Core/Src/stm32f4xx_it.cyclo ./Core/Src/stm32f4xx_it.d ./Core/Src/stm32f4xx_it.o ./Core/Src/stm32f4xx_it.su ./Core/Src/syscalls.cyclo ./Core/Src/syscalls.d ./Core/Src/syscalls.o ./Core/Src/syscalls.su ./Core/Src/sysmem.cyclo ./Core/Src/sysmem.d ./Core/Src/sysmem.o ./Core/Src/sysmem.su ./Core/Src/system_stm32f4xx.cyclo ./Core/Src/system_stm32f4xx.d ./Core/Src/system_stm32f4xx.o ./Core/Src/system_stm32f4xx.su
rm -rf default.size.stdout weather_station.elf weather_station.list weather_station.map
 
18:31:52 **** Build of configuration Debug for project weather_station ****
make -j8 all 
arm-none-eabi-gcc "../USB_DEVICE/Target/usbd_conf.c" -mcpu=cortex-m4 -std=gnu11 -g3 -DDEBUG -DUSE_HAL_DRIVER -DSTM32F407xx -c -I../Core/Inc -I../Drivers/STM32F4xx_HAL_Driver/Inc -I../Drivers/STM32F4xx_HAL_Driver/Inc/Legacy -I../Drivers/CMSIS/Device/ST/STM32F4xx/Include -I../Drivers/CMSIS/Include -I../USB_DEVICE/App -I../USB_DEVICE/Target -I../Middlewares/ST/STM32_USB_Device_Library/Core/Inc -I../Middlewares/ST/STM32_USB_Device_Library/Class/CDC/Inc -O0 -ffunction-sections -fdata-sections -Wall -fstack-usage -fcyclomatic-complexity -MMD -MP -MF"USB_DEVICE/Target/usbd_conf.d" -MT"USB_DEVICE/Target/usbd_conf.o" --specs=nano.specs -mfpu=fpv4-sp-d16 -mfloat-abi=hard -mthumb -o "USB_DEVICE/Target/usbd_conf.o"
arm-none-eabi-gcc "../USB_DEVICE/App/usb_device.c" -mcpu=cortex-m4 -std=gnu11 -g3 -DDEBUG -DUSE_HAL_DRIVER -DSTM32F407xx -c -I../Core/Inc -I../Drivers/STM32F4xx_HAL_Driver/Inc -I../Drivers/STM32F4xx_HAL_Driver/Inc/Legacy -I../Drivers/CMSIS/Device/ST/STM32F4xx/Include -I../Drivers/CMSIS/Include -I../USB_DEVICE/App -I../USB_DEVICE/Target -I../Middlewares/ST/STM32_USB_Device_Library/Core/Inc -I../Middlewares/ST/STM32_USB_Device_Library/Class/CDC/Inc -O0 -ffunction-sections -fdata-sections -Wall -fstack-usage -fcyclomatic-complexity -MMD -MP -MF"USB_DEVICE/App/usb_device.d" -MT"USB_DEVICE/App/usb_device.o" --specs=nano.specs -mfpu=fpv4-sp-d16 -mfloat-abi=hard -mthumb -o "USB_DEVICE/App/usb_device.o"
arm-none-eabi-gcc "../USB_DEVICE/App/usbd_cdc_if.c" -mcpu=cortex-m4 -std=gnu11 -g3 -DDEBUG -DUSE_HAL_DRIVER -DSTM32F407xx -c -I../Core/Inc -I../Drivers/STM32F4xx_HAL_Driver/Inc -I../Drivers/STM32F4xx_HAL_Driver/Inc/Legacy -I../Drivers/CMSIS/Device/ST/STM32F4xx/Include -I../Drivers/CMSIS/Include -I../USB_DEVICE/App -I../USB_DEVICE/Target -I../Middlewares/ST/STM32_USB_Device_Library/Core/Inc -I../Middlewares/ST/STM32_USB_Device_Library/Class/CDC/Inc -O0 -ffunction-sections -fdata-sections -Wall -fstack-usage -fcyclomatic-complexity -MMD -MP -MF"USB_DEVICE/App/usbd_cdc_if.d" -MT"USB_DEVICE/App/usbd_cdc_if.o" --specs=nano.specs -mfpu=fpv4-sp-d16 -mfloat-abi=hard -mthumb -o "USB_DEVICE/App/usbd_cdc_if.o"
arm-none-eabi-gcc "../USB_DEVICE/App/usbd_desc.c" -mcpu=cortex-m4 -std=gnu11 -g3 -DDEBUG -DUSE_HAL_DRIVER -DSTM32F407xx -c -I../Core/Inc -I../Drivers/STM32F4xx_HAL_Driver/Inc -I../Drivers/STM32F4xx_HAL_Driver/Inc/Legacy -I../Drivers/CMSIS/Device/ST/STM32F4xx/Include -I../Drivers/CMSIS/Include -I../USB_DEVICE/App -I../USB_DEVICE/Target -I../Middlewares/ST/STM32_USB_Device_Library/Core/Inc -I../Middlewares/ST/STM32_USB_Device_Library/Class/CDC/Inc -O0 -ffunction-sections -fdata-sections -Wall -fstack-usage -fcyclomatic-complexity -MMD -MP -MF"USB_DEVICE/App/usbd_desc.d" -MT"USB_DEVICE/App/usbd_desc.o" --specs=nano.specs -mfpu=fpv4-sp-d16 -mfloat-abi=hard -mthumb -o "USB_DEVICE/App/usbd_desc.o"
arm-none-eabi-gcc "../Middlewares/ST/STM32_USB_Device_Library/Core/Src/usbd_core.c" -mcpu=cortex-m4 -std=gnu11 -g3 -DDEBUG -DUSE_HAL_DRIVER -DSTM32F407xx -c -I../Core/Inc -I../Drivers/STM32F4xx_HAL_Driver/Inc -I../Drivers/STM32F4xx_HAL_Driver/Inc/Legacy -I../Drivers/CMSIS/Device/ST/STM32F4xx/Include -I../Drivers/CMSIS/Include -I../USB_DEVICE/App -I../USB_DEVICE/Target -I../Middlewares/ST/STM32_USB_Device_Library/Core/Inc -I../Middlewares/ST/STM32_USB_Device_Library/Class/CDC/Inc -O0 -ffunction-sections -fdata-sections -Wall -fstack-usage -fcyclomatic-complexity -MMD -MP -MF"Middlewares/ST/STM32_USB_Device_Library/Core/Src/usbd_core.d" -MT"Middlewares/ST/STM32_USB_Device_Library/Core/Src/usbd_core.o" --specs=nano.specs -mfpu=fpv4-sp-d16 -mfloat-abi=hard -mthumb -o "Middlewares/ST/STM32_USB_Device_Library/Core/Src/usbd_core.o"
arm-none-eabi-gcc "../Middlewares/ST/STM32_USB_Device_Library/Core/Src/usbd_ctlreq.c" -mcpu=cortex-m4 -std=gnu11 -g3 -DDEBUG -DUSE_HAL_DRIVER -DSTM32F407xx -c -I../Core/Inc -I../Drivers/STM32F4xx_HAL_Driver/Inc -I../Drivers/STM32F4xx_HAL_Driver/Inc/Legacy -I../Drivers/CMSIS/Device/ST/STM32F4xx/Include -I../Drivers/CMSIS/Include -I../USB_DEVICE/App -I../USB_DEVICE/Target -I../Middlewares/ST/STM32_USB_Device_Library/Core/Inc -I../Middlewares/ST/STM32_USB_Device_Library/Class/CDC/Inc -O0 -ffunction-sections -fdata-sections -Wall -fstack-usage -fcyclomatic-complexity -MMD -MP -MF"Middlewares/ST/STM32_USB_Device_Library/Core/Src/usbd_ctlreq.d" -MT"Middlewares/ST/STM32_USB_Device_Library/Core/Src/usbd_ctlreq.o" --specs=nano.specs -mfpu=fpv4-sp-d16 -mfloat-abi=hard -mthumb -o "Middlewares/ST/STM32_USB_Device_Library/Core/Src/usbd_ctlreq.o"
arm-none-eabi-gcc "../Middlewares/ST/STM32_USB_Device_Library/Core/Src/usbd_ioreq.c" -mcpu=cortex-m4 -std=gnu11 -g3 -DDEBUG -DUSE_HAL_DRIVER -DSTM32F407xx -c -I../Core/Inc -I../Drivers/STM32F4xx_HAL_Driver/Inc -I../Drivers/STM32F4xx_HAL_Driver/Inc/Legacy -I../Drivers/CMSIS/Device/ST/STM32F4xx/Include -I../Drivers/CMSIS/Include -I../USB_DEVICE/App -I../USB_DEVICE/Target -I../Middlewares/ST/STM32_USB_Device_Library/Core/Inc -I../Middlewares/ST/STM32_USB_Device_Library/Class/CDC/Inc -O0 -ffunction-sections -fdata-sections -Wall -fstack-usage -fcyclomatic-complexity -MMD -MP -MF"Middlewares/ST/STM32_USB_Device_Library/Core/Src/usbd_ioreq.d" -MT"Middlewares/ST/STM32_USB_Device_Library/Core/Src/usbd_ioreq.o" --specs=nano.specs -mfpu=fpv4-sp-d16 -mfloat-abi=hard -mthumb -o "Middlewares/ST/STM32_USB_Device_Library/Core/Src/usbd_ioreq.o"
arm-none-eabi-gcc "../Middlewares/ST/STM32_USB_Device_Library/Class/CDC/Src/usbd_cdc.c" -mcpu=cortex-m4 -std=gnu11 -g3 -DDEBUG -DUSE_HAL_DRIVER -DSTM32F407xx -c -I../Core/Inc -I../Drivers/STM32F4xx_HAL_Driver/Inc -I../Drivers/STM32F4xx_HAL_Driver/Inc/Legacy -I../Drivers/CMSIS/Device/ST/STM32F4xx/Include -I../Drivers/CMSIS/Include -I../USB_DEVICE/App -I../USB_DEVICE/Target -I../Middlewares/ST/STM32_USB_Device_Library/Core/Inc -I../Middlewares/ST/STM32_USB_Device_Library/Class/CDC/Inc -O0 -ffunction-sections -fdata-sections -Wall -fstack-usage -fcyclomatic-complexity -MMD -MP -MF"Middlewares/ST/STM32_USB_Device_Library/Class/CDC/Src/usbd_cdc.d" -MT"Middlewares/ST/STM32_USB_Device_Library/Class/CDC/Src/usbd_cdc.o" --specs=nano.specs -mfpu=fpv4-sp-d16 -mfloat-abi=hard -mthumb -o "Middlewares/ST/STM32_USB_Device_Library/Class/CDC/Src/usbd_cdc.o"
arm-none-eabi-gcc "../Drivers/STM32F4xx_HAL_Driver/Src/stm32f4xx_hal.c" -mcpu=cortex-m4 -std=gnu11 -g3 -DDEBUG -DUSE_HAL_DRIVER -DSTM32F407xx -c -I../Core/Inc -I../Drivers/STM32F4xx_HAL_Driver/Inc -I../Drivers/STM32F4xx_HAL_Driver/Inc/Legacy -I../Drivers/CMSIS/Device/ST/STM32F4xx/Include -I../Drivers/CMSIS/Include -I../USB_DEVICE/App -I../USB_DEVICE/Target -I../Middlewares/ST/STM32_USB_Device_Library/Core/Inc -I../Middlewares/ST/STM32_USB_Device_Library/Class/CDC/Inc -O0 -ffunction-sections -fdata-sections -Wall -fstack-usage -fcyclomatic-complexity -MMD -MP -MF"Drivers/STM32F4xx_HAL_Driver/Src/stm32f4xx_hal.d" -MT"Drivers/STM32F4xx_HAL_Driver/Src/stm32f4xx_hal.o" --specs=nano.specs -mfpu=fpv4-sp-d16 -mfloat-abi=hard -mthumb -o "Drivers/STM32F4xx_HAL_Driver/Src/stm32f4xx_hal.o"
arm-none-eabi-gcc "../Drivers/STM32F4xx_HAL_Driver/Src/stm32f4xx_hal_adc.c" -mcpu=cortex-m4 -std=gnu11 -g3 -DDEBUG -DUSE_HAL_DRIVER -DSTM32F407xx -c -I../Core/Inc -I../Drivers/STM32F4xx_HAL_Driver/Inc -I../Drivers/STM32F4xx_HAL_Driver/Inc/Legacy -I../Drivers/CMSIS/Device/ST/STM32F4xx/Include -I../Drivers/CMSIS/Include -I../USB_DEVICE/App -I../USB_DEVICE/Target -I../Middlewares/ST/STM32_USB_Device_Library/Core/Inc -I../Middlewares/ST/STM32_USB_Device_Library/Class/CDC/Inc -O0 -ffunction-sections -fdata-sections -Wall -fstack-usage -fcyclomatic-complexity -MMD -MP -MF"Drivers/STM32F4xx_HAL_Driver/Src/stm32f4xx_hal_adc.d" -MT"Drivers/STM32F4xx_HAL_Driver/Src/stm32f4xx_hal_adc.o" --specs=nano.specs -mfpu=fpv4-sp-d16 -mfloat-abi=hard -mthumb -o "Drivers/STM32F4xx_HAL_Driver/Src/stm32f4xx_hal_adc.o"
arm-none-eabi-gcc "../Drivers/STM32F4xx_HAL_Driver/Src/stm32f4xx_hal_adc_ex.c" -mcpu=cortex-m4 -std=gnu11 -g3 -DDEBUG -DUSE_HAL_DRIVER -DSTM32F407xx -c -I../Core/Inc -I../Drivers/STM32F4xx_HAL_Driver/Inc -I../Drivers/STM32F4xx_HAL_Driver/Inc/Legacy -I../Drivers/CMSIS/Device/ST/STM32F4xx/Include -I../Drivers/CMSIS/Include -I../USB_DEVICE/App -I../USB_DEVICE/Target -I../Middlewares/ST/STM32_USB_Device_Library/Core/Inc -I../Middlewares/ST/STM32_USB_Device_Library/Class/CDC/Inc -O0 -ffunction-sections -fdata-sections -Wall -fstack-usage -fcyclomatic-complexity -MMD -MP -MF"Drivers/STM32F4xx_HAL_Driver/Src/stm32f4xx_hal_adc_ex.d" -MT"Drivers/STM32F4xx_HAL_Driver/Src/stm32f4xx_hal_adc_ex.o" --specs=nano.specs -mfpu=fpv4-sp-d16 -mfloat-abi=hard -mthumb -o "Drivers/STM32F4xx_HAL_Driver/Src/stm32f4xx_hal_adc_ex.o"
arm-none-eabi-gcc "../Drivers/STM32F4xx_HAL_Driver/Src/stm32f4xx_hal_cortex.c" -mcpu=cortex-m4 -std=gnu11 -g3 -DDEBUG -DUSE_HAL_DRIVER -DSTM32F407xx -c -I../Core/Inc -I../Drivers/STM32F4xx_HAL_Driver/Inc -I../Drivers/STM32F4xx_HAL_Driver/Inc/Legacy -I../Drivers/CMSIS/Device/ST/STM32F4xx/Include -I../Drivers/CMSIS/Include -I../USB_DEVICE/App -I../USB_DEVICE/Target -I../Middlewares/ST/STM32_USB_Device_Library/Core/Inc -I../Middlewares/ST/STM32_USB_Device_Library/Class/CDC/Inc -O0 -ffunction-sections -fdata-sections -Wall -fstack-usage -fcyclomatic-complexity -MMD -MP -MF"Drivers/STM32F4xx_HAL_Driver/Src/stm32f4xx_hal_cortex.d" -MT"Drivers/STM32F4xx_HAL_Driver/Src/stm32f4xx_hal_cortex.o" --specs=nano.specs -mfpu=fpv4-sp-d16 -mfloat-abi=hard -mthumb -o "Drivers/STM32F4xx_HAL_Driver/Src/stm32f4xx_hal_cortex.o"
arm-none-eabi-gcc "../Drivers/STM32F4xx_HAL_Driver/Src/stm32f4xx_hal_dma.c" -mcpu=cortex-m4 -std=gnu11 -g3 -DDEBUG -DUSE_HAL_DRIVER -DSTM32F407xx -c -I../Core/Inc -I../Drivers/STM32F4xx_HAL_Driver/Inc -I../Drivers/STM32F4xx_HAL_Driver/Inc/Legacy -I../Drivers/CMSIS/Device/ST/STM32F4xx/Include -I../Drivers/CMSIS/Include -I../USB_DEVICE/App -I../USB_DEVICE/Target -I../Middlewares/ST/STM32_USB_Device_Library/Core/Inc -I../Middlewares/ST/STM32_USB_Device_Library/Class/CDC/Inc -O0 -ffunction-sections -fdata-sections -Wall -fstack-usage -fcyclomatic-complexity -MMD -MP -MF"Drivers/STM32F4xx_HAL_Driver/Src/stm32f4xx_hal_dma.d" -MT"Drivers/STM32F4xx_HAL_Driver/Src/stm32f4xx_hal_dma.o" --specs=nano.specs -mfpu=fpv4-sp-d16 -mfloat-abi=hard -mthumb -o "Drivers/STM32F4xx_HAL_Driver/Src/stm32f4xx_hal_dma.o"
arm-none-eabi-gcc "../Drivers/STM32F4xx_HAL_Driver/Src/stm32f4xx_hal_dma_ex.c" -mcpu=cortex-m4 -std=gnu11 -g3 -DDEBUG -DUSE_HAL_DRIVER -DSTM32F407xx -c -I../Core/Inc -I../Drivers/STM32F4xx_HAL_Driver/Inc -I../Drivers/STM32F4xx_HAL_Driver/Inc/Legacy -I../Drivers/CMSIS/Device/ST/STM32F4xx/Include -I../Drivers/CMSIS/Include -I../USB_DEVICE/App -I../USB_DEVICE/Target -I../Middlewares/ST/STM32_USB_Device_Library/Core/Inc -I../Middlewares/ST/STM32_USB_Device_Library/Class/CDC/Inc -O0 -ffunction-sections -fdata-sections -Wall -fstack-usage -fcyclomatic-complexity -MMD -MP -MF"Drivers/STM32F4xx_HAL_Driver/Src/stm32f4xx_hal_dma_ex.d" -MT"Drivers/STM32F4xx_HAL_Driver/Src/stm32f4xx_hal_dma_ex.o" --specs=nano.specs -mfpu=fpv4-sp-d16 -mfloat-abi=hard -mthumb -o "Drivers/STM32F4xx_HAL_Driver/Src/stm32f4xx_hal_dma_ex.o"
arm-none-eabi-gcc "../Drivers/STM32F4xx_HAL_Driver/Src/stm32f4xx_hal_exti.c" -mcpu=cortex-m4 -std=gnu11 -g3 -DDEBUG -DUSE_HAL_DRIVER -DSTM32F407xx -c -I../Core/Inc -I../Drivers/STM32F4xx_HAL_Driver/Inc -I../Drivers/STM32F4xx_HAL_Driver/Inc/Legacy -I../Drivers/CMSIS/Device/ST/STM32F4xx/Include -I../Drivers/CMSIS/Include -I../USB_DEVICE/App -I../USB_DEVICE/Target -I../Middlewares/ST/STM32_USB_Device_Library/Core/Inc -I../Middlewares/ST/STM32_USB_Device_Library/Class/CDC/Inc -O0 -ffunction-sections -fdata-sections -Wall -fstack-usage -fcyclomatic-complexity -MMD -MP -MF"Drivers/STM32F4xx_HAL_Driver/Src/stm32f4xx_hal_exti.d" -MT"Drivers/STM32F4xx_HAL_Driver/Src/stm32f4xx_hal_exti.o" --specs=nano.specs -mfpu=fpv4-sp-d16 -mfloat-abi=hard -mthumb -o "Drivers/STM32F4xx_HAL_Driver/Src/stm32f4xx_hal_exti.o"
arm-none-eabi-gcc "../Drivers/STM32F4xx_HAL_Driver/Src/stm32f4xx_hal_flash.c" -mcpu=cortex-m4 -std=gnu11 -g3 -DDEBUG -DUSE_HAL_DRIVER -DSTM32F407xx -c -I../Core/Inc -I../Drivers/STM32F4xx_HAL_Driver/Inc -I../Drivers/STM32F4xx_HAL_Driver/Inc/Legacy -I../Drivers/CMSIS/Device/ST/STM32F4xx/Include -I../Drivers/CMSIS/Include -I../USB_DEVICE/App -I../USB_DEVICE/Target -I../Middlewares/ST/STM32_USB_Device_Library/Core/Inc -I../Middlewares/ST/STM32_USB_Device_Library/Class/CDC/Inc -O0 -ffunction-sections -fdata-sections -Wall -fstack-usage -fcyclomatic-complexity -MMD -MP -MF"Drivers/STM32F4xx_HAL_Driver/Src/stm32f4xx_hal_flash.d" -MT"Drivers/STM32F4xx_HAL_Driver/Src/stm32f4xx_hal_flash.o" --specs=nano.specs -mfpu=fpv4-sp-d16 -mfloat-abi=hard -mthumb -o "Drivers/STM32F4xx_HAL_Driver/Src/stm32f4xx_hal_flash.o"
arm-none-eabi-gcc "../Drivers/STM32F4xx_HAL_Driver/Src/stm32f4xx_hal_flash_ex.c" -mcpu=cortex-m4 -std=gnu11 -g3 -DDEBUG -DUSE_HAL_DRIVER -DSTM32F407xx -c -I../Core/Inc -I../Drivers/STM32F4xx_HAL_Driver/Inc -I../Drivers/STM32F4xx_HAL_Driver/Inc/Legacy -I../Drivers/CMSIS/Device/ST/STM32F4xx/Include -I../Drivers/CMSIS/Include -I../USB_DEVICE/App -I../USB_DEVICE/Target -I../Middlewares/ST/STM32_USB_Device_Library/Core/Inc -I../Middlewares/ST/STM32_USB_Device_Library/Class/CDC/Inc -O0 -ffunction-sections -fdata-sections -Wall -fstack-usage -fcyclomatic-complexity -MMD -MP -MF"Drivers/STM32F4xx_HAL_Driver/Src/stm32f4xx_hal_flash_ex.d" -MT"Drivers/STM32F4xx_HAL_Driver/Src/stm32f4xx_hal_flash_ex.o" --specs=nano.specs -mfpu=fpv4-sp-d16 -mfloat-abi=hard -mthumb -o "Drivers/STM32F4xx_HAL_Driver/Src/stm32f4xx_hal_flash_ex.o"
arm-none-eabi-gcc "../Drivers/STM32F4xx_HAL_Driver/Src/stm32f4xx_hal_flash_ramfunc.c" -mcpu=cortex-m4 -std=gnu11 -g3 -DDEBUG -DUSE_HAL_DRIVER -DSTM32F407xx -c -I../Core/Inc -I../Drivers/STM32F4xx_HAL_Driver/Inc -I../Drivers/STM32F4xx_HAL_Driver/Inc/Legacy -I../Drivers/CMSIS/Device/ST/STM32F4xx/Include -I../Drivers/CMSIS/Include -I../USB_DEVICE/App -I../USB_DEVICE/Target -I../Middlewares/ST/STM32_USB_Device_Library/Core/Inc -I../Middlewares/ST/STM32_USB_Device_Library/Class/CDC/Inc -O0 -ffunction-sections -fdata-sections -Wall -fstack-usage -fcyclomatic-complexity -MMD -MP -MF"Drivers/STM32F4xx_HAL_Driver/Src/stm32f4xx_hal_flash_ramfunc.d" -MT"Drivers/STM32F4xx_HAL_Driver/Src/stm32f4xx_hal_flash_ramfunc.o" --specs=nano.specs -mfpu=fpv4-sp-d16 -mfloat-abi=hard -mthumb -o "Drivers/STM32F4xx_HAL_Driver/Src/stm32f4xx_hal_flash_ramfunc.o"
arm-none-eabi-gcc "../Drivers/STM32F4xx_HAL_Driver/Src/stm32f4xx_hal_gpio.c" -mcpu=cortex-m4 -std=gnu11 -g3 -DDEBUG -DUSE_HAL_DRIVER -DSTM32F407xx -c -I../Core/Inc -I../Drivers/STM32F4xx_HAL_Driver/Inc -I../Drivers/STM32F4xx_HAL_Driver/Inc/Legacy -I../Drivers/CMSIS/Device/ST/STM32F4xx/Include -I../Drivers/CMSIS/Include -I../USB_DEVICE/App -I../USB_DEVICE/Target -I../Middlewares/ST/STM32_USB_Device_Library/Core/Inc -I../Middlewares/ST/STM32_USB_Device_Library/Class/CDC/Inc -O0 -ffunction-sections -fdata-sections -Wall -fstack-usage -fcyclomatic-complexity -MMD -MP -MF"Drivers/STM32F4xx_HAL_Driver/Src/stm32f4xx_hal_gpio.d" -MT"Drivers/STM32F4xx_HAL_Driver/Src/stm32f4xx_hal_gpio.o" --specs=nano.specs -mfpu=fpv4-sp-d16 -mfloat-abi=hard -mthumb -o "Drivers/STM32F4xx_HAL_Driver/Src/stm32f4xx_hal_gpio.o"
arm-none-eabi-gcc "../Drivers/STM32F4xx_HAL_Driver/Src/stm32f4xx_hal_i2c.c" -mcpu=cortex-m4 -std=gnu11 -g3 -DDEBUG -DUSE_HAL_DRIVER -DSTM32F407xx -c -I../Core/Inc -I../Drivers/STM32F4xx_HAL_Driver/Inc -I../Drivers/STM32F4xx_HAL_Driver/Inc/Legacy -I../Drivers/CMSIS/Device/ST/STM32F4xx/Include -I../Drivers/CMSIS/Include -I../USB_DEVICE/App -I../USB_DEVICE/Target -I../Middlewares/ST/STM32_USB_Device_Library/Core/Inc -I../Middlewares/ST/STM32_USB_Device_Library/Class/CDC/Inc -O0 -ffunction-sections -fdata-sections -Wall -fstack-usage -fcyclomatic-complexity -MMD -MP -MF"Drivers/STM32F4xx_HAL_Driver/Src/stm32f4xx_hal_i2c.d" -MT"Drivers/STM32F4xx_HAL_Driver/Src/stm32f4xx_hal_i2c.o" --specs=nano.specs -mfpu=fpv4-sp-d16 -mfloat-abi=hard -mthumb -o "Drivers/STM32F4xx_HAL_Driver/Src/stm32f4xx_hal_i2c.o"
arm-none-eabi-gcc "../Drivers/STM32F4xx_HAL_Driver/Src/stm32f4xx_hal_i2c_ex.c" -mcpu=cortex-m4 -std=gnu11 -g3 -DDEBUG -DUSE_HAL_DRIVER -DSTM32F407xx -c -I../Core/Inc -I../Drivers/STM32F4xx_HAL_Driver/Inc -I../Drivers/STM32F4xx_HAL_Driver/Inc/Legacy -I../Drivers/CMSIS/Device/ST/STM32F4xx/Include -I../Drivers/CMSIS/Include -I../USB_DEVICE/App -I../USB_DEVICE/Target -I../Middlewares/ST/STM32_USB_Device_Library/Core/Inc -I../Middlewares/ST/STM32_USB_Device_Library/Class/CDC/Inc -O0 -ffunction-sections -fdata-sections -Wall -fstack-usage -fcyclomatic-complexity -MMD -MP -MF"Drivers/STM32F4xx_HAL_Driver/Src/stm32f4xx_hal_i2c_ex.d" -MT"Drivers/STM32F4xx_HAL_Driver/Src/stm32f4xx_hal_i2c_ex.o" --specs=nano.specs -mfpu=fpv4-sp-d16 -mfloat-abi=hard -mthumb -o "Drivers/STM32F4xx_HAL_Driver/Src/stm32f4xx_hal_i2c_ex.o"
arm-none-eabi-gcc "../Drivers/STM32F4xx_HAL_Driver/Src/stm32f4xx_hal_i2s.c" -mcpu=cortex-m4 -std=gnu11 -g3 -DDEBUG -DUSE_HAL_DRIVER -DSTM32F407xx -c -I../Core/Inc -I../Drivers/STM32F4xx_HAL_Driver/Inc -I../Drivers/STM32F4xx_HAL_Driver/Inc/Legacy -I../Drivers/CMSIS/Device/ST/STM32F4xx/Include -I../Drivers/CMSIS/Include -I../USB_DEVICE/App -I../USB_DEVICE/Target -I../Middlewares/ST/STM32_USB_Device_Library/Core/Inc -I../Middlewares/ST/STM32_USB_Device_Library/Class/CDC/Inc -O0 -ffunction-sections -fdata-sections -Wall -fstack-usage -fcyclomatic-complexity -MMD -MP -MF"Drivers/STM32F4xx_HAL_Driver/Src/stm32f4xx_hal_i2s.d" -MT"Drivers/STM32F4xx_HAL_Driver/Src/stm32f4xx_hal_i2s.o" --specs=nano.specs -mfpu=fpv4-sp-d16 -mfloat-abi=hard -mthumb -o "Drivers/STM32F4xx_HAL_Driver/Src/stm32f4xx_hal_i2s.o"
arm-none-eabi-gcc "../Drivers/STM32F4xx_HAL_Driver/Src/stm32f4xx_hal_i2s_ex.c" -mcpu=cortex-m4 -std=gnu11 -g3 -DDEBUG -DUSE_HAL_DRIVER -DSTM32F407xx -c -I../Core/Inc -I../Drivers/STM32F4xx_HAL_Driver/Inc -I../Drivers/STM32F4xx_HAL_Driver/Inc/Legacy -I../Drivers/CMSIS/Device/ST/STM32F4xx/Include -I../Drivers/CMSIS/Include -I../USB_DEVICE/App -I../USB_DEVICE/Target -I../Middlewares/ST/STM32_USB_Device_Library/Core/Inc -I../Middlewares/ST/STM32_USB_Device_Library/Class/CDC/Inc -O0 -ffunction-sections -fdata-sections -Wall -fstack-usage -fcyclomatic-complexity -MMD -MP -MF"Drivers/STM32F4xx_HAL_Driver/Src/stm32f4xx_hal_i2s_ex.d" -MT"Drivers/STM32F4xx_HAL_Driver/Src/stm32f4xx_hal_i2s_ex.o" --specs=nano.specs -mfpu=fpv4-sp-d16 -mfloat-abi=hard -mthumb -o "Drivers/STM32F4xx_HAL_Driver/Src/stm32f4xx_hal_i2s_ex.o"
arm-none-eabi-gcc "../Drivers/STM32F4xx_HAL_Driver/Src/stm32f4xx_hal_pcd.c" -mcpu=cortex-m4 -std=gnu11 -g3 -DDEBUG -DUSE_HAL_DRIVER -DSTM32F407xx -c -I../Core/Inc -I../Drivers/STM32F4xx_HAL_Driver/Inc -I../Drivers/STM32F4xx_HAL_Driver/Inc/Legacy -I../Drivers/CMSIS/Device/ST/STM32F4xx/Include -I../Drivers/CMSIS/Include -I../USB_DEVICE/App -I../USB_DEVICE/Target -I../Middlewares/ST/STM32_USB_Device_Library/Core/Inc -I../Middlewares/ST/STM32_USB_Device_Library/Class/CDC/Inc -O0 -ffunction-sections -fdata-sections -Wall -fstack-usage -fcyclomatic-complexity -MMD -MP -MF"Drivers/STM32F4xx_HAL_Driver/Src/stm32f4xx_hal_pcd.d" -MT"Drivers/STM32F4xx_HAL_Driver/Src/stm32f4xx_hal_pcd.o" --specs=nano.specs -mfpu=fpv4-sp-d16 -mfloat-abi=hard -mthumb -o "Drivers/STM32F4xx_HAL_Driver/Src/stm32f4xx_hal_pcd.o"
arm-none-eabi-gcc "../Drivers/STM32F4xx_HAL_Driver/Src/stm32f4xx_hal_pcd_ex.c" -mcpu=cortex-m4 -std=gnu11 -g3 -DDEBUG -DUSE_HAL_DRIVER -DSTM32F407xx -c -I../Core/Inc -I../Drivers/STM32F4xx_HAL_Driver/Inc -I../Drivers/STM32F4xx_HAL_Driver/Inc/Legacy -I../Drivers/CMSIS/Device/ST/STM32F4xx/Include -I../Drivers/CMSIS/Include -I../USB_DEVICE/App -I../USB_DEVICE/Target -I../Middlewares/ST/STM32_USB_Device_Library/Core/Inc -I../Middlewares/ST/STM32_USB_Device_Library/Class/CDC/Inc -O0 -ffunction-sections -fdata-sections -Wall -fstack-usage -fcyclomatic-complexity -MMD -MP -MF"Drivers/STM32F4xx_HAL_Driver/Src/stm32f4xx_hal_pcd_ex.d" -MT"Drivers/STM32F4xx_HAL_Driver/Src/stm32f4xx_hal_pcd_ex.o" --specs=nano.specs -mfpu=fpv4-sp-d16 -mfloat-abi=hard -mthumb -o "Drivers/STM32F4xx_HAL_Driver/Src/stm32f4xx_hal_pcd_ex.o"
arm-none-eabi-gcc "../Drivers/STM32F4xx_HAL_Driver/Src/stm32f4xx_hal_pwr.c" -mcpu=cortex-m4 -std=gnu11 -g3 -DDEBUG -DUSE_HAL_DRIVER -DSTM32F407xx -c -I../Core/Inc -I../Drivers/STM32F4xx_HAL_Driver/Inc -I../Drivers/STM32F4xx_HAL_Driver/Inc/Legacy -I../Drivers/CMSIS/Device/ST/STM32F4xx/Include -I../Drivers/CMSIS/Include -I../USB_DEVICE/App -I../USB_DEVICE/Target -I../Middlewares/ST/STM32_USB_Device_Library/Core/Inc -I../Middlewares/ST/STM32_USB_Device_Library/Class/CDC/Inc -O0 -ffunction-sections -fdata-sections -Wall -fstack-usage -fcyclomatic-complexity -MMD -MP -MF"Drivers/STM32F4xx_HAL_Driver/Src/stm32f4xx_hal_pwr.d" -MT"Drivers/STM32F4xx_HAL_Driver/Src/stm32f4xx_hal_pwr.o" --specs=nano.specs -mfpu=fpv4-sp-d16 -mfloat-abi=hard -mthumb -o "Drivers/STM32F4xx_HAL_Driver/Src/stm32f4xx_hal_pwr.o"
arm-none-eabi-gcc "../Drivers/STM32F4xx_HAL_Driver/Src/stm32f4xx_hal_pwr_ex.c" -mcpu=cortex-m4 -std=gnu11 -g3 -DDEBUG -DUSE_HAL_DRIVER -DSTM32F407xx -c -I../Core/Inc -I../Drivers/STM32F4xx_HAL_Driver/Inc -I../Drivers/STM32F4xx_HAL_Driver/Inc/Legacy -I../Drivers/CMSIS/Device/ST/STM32F4xx/Include -I../Drivers/CMSIS/Include -I../USB_DEVICE/App -I../USB_DEVICE/Target -I../Middlewares/ST/STM32_USB_Device_Library/Core/Inc -I../Middlewares/ST/STM32_USB_Device_Library/Class/CDC/Inc -O0 -ffunction-sections -fdata-sections -Wall -fstack-usage -fcyclomatic-complexity -MMD -MP -MF"Drivers/STM32F4xx_HAL_Driver/Src/stm32f4xx_hal_pwr_ex.d" -MT"Drivers/STM32F4xx_HAL_Driver/Src/stm32f4xx_hal_pwr_ex.o" --specs=nano.specs -mfpu=fpv4-sp-d16 -mfloat-abi=hard -mthumb -o "Drivers/STM32F4xx_HAL_Driver/Src/stm32f4xx_hal_pwr_ex.o"
arm-none-eabi-gcc "../Drivers/STM32F4xx_HAL_Driver/Src/stm32f4xx_hal_rcc.c" -mcpu=cortex-m4 -std=gnu11 -g3 -DDEBUG -DUSE_HAL_DRIVER -DSTM32F407xx -c -I../Core/Inc -I../Drivers/STM32F4xx_HAL_Driver/Inc -I../Drivers/STM32F4xx_HAL_Driver/Inc/Legacy -I../Drivers/CMSIS/Device/ST/STM32F4xx/Include -I../Drivers/CMSIS/Include -I../USB_DEVICE/App -I../USB_DEVICE/Target -I../Middlewares/ST/STM32_USB_Device_Library/Core/Inc -I../Middlewares/ST/STM32_USB_Device_Library/Class/CDC/Inc -O0 -ffunction-sections -fdata-sections -Wall -fstack-usage -fcyclomatic-complexity -MMD -MP -MF"Drivers/STM32F4xx_HAL_Driver/Src/stm32f4xx_hal_rcc.d" -MT"Drivers/STM32F4xx_HAL_Driver/Src/stm32f4xx_hal_rcc.o" --specs=nano.specs -mfpu=fpv4-sp-d16 -mfloat-abi=hard -mthumb -o "Drivers/STM32F4xx_HAL_Driver/Src/stm32f4xx_hal_rcc.o"
arm-none-eabi-gcc "../Drivers/STM32F4xx_HAL_Driver/Src/stm32f4xx_hal_rcc_ex.c" -mcpu=cortex-m4 -std=gnu11 -g3 -DDEBUG -DUSE_HAL_DRIVER -DSTM32F407xx -c -I../Core/Inc -I../Drivers/STM32F4xx_HAL_Driver/Inc -I../Drivers/STM32F4xx_HAL_Driver/Inc/Legacy -I../Drivers/CMSIS/Device/ST/STM32F4xx/Include -I../Drivers/CMSIS/Include -I../USB_DEVICE/App -I../USB_DEVICE/Target -I../Middlewares/ST/STM32_USB_Device_Library/Core/Inc -I../Middlewares/ST/STM32_USB_Device_Library/Class/CDC/Inc -O0 -ffunction-sections -fdata-sections -Wall -fstack-usage -fcyclomatic-complexity -MMD -MP -MF"Drivers/STM32F4xx_HAL_Driver/Src/stm32f4xx_hal_rcc_ex.d" -MT"Drivers/STM32F4xx_HAL_Driver/Src/stm32f4xx_hal_rcc_ex.o" --specs=nano.specs -mfpu=fpv4-sp-d16 -mfloat-abi=hard -mthumb -o "Drivers/STM32F4xx_HAL_Driver/Src/stm32f4xx_hal_rcc_ex.o"
arm-none-eabi-gcc "../Drivers/STM32F4xx_HAL_Driver/Src/stm32f4xx_hal_spi.c" -mcpu=cortex-m4 -std=gnu11 -g3 -DDEBUG -DUSE_HAL_DRIVER -DSTM32F407xx -c -I../Core/Inc -I../Drivers/STM32F4xx_HAL_Driver/Inc -I../Drivers/STM32F4xx_HAL_Driver/Inc/Legacy -I../Drivers/CMSIS/Device/ST/STM32F4xx/Include -I../Drivers/CMSIS/Include -I../USB_DEVICE/App -I../USB_DEVICE/Target -I../Middlewares/ST/STM32_USB_Device_Library/Core/Inc -I../Middlewares/ST/STM32_USB_Device_Library/Class/CDC/Inc -O0 -ffunction-sections -fdata-sections -Wall -fstack-usage -fcyclomatic-complexity -MMD -MP -MF"Drivers/STM32F4xx_HAL_Driver/Src/stm32f4xx_hal_spi.d" -MT"Drivers/STM32F4xx_HAL_Driver/Src/stm32f4xx_hal_spi.o" --specs=nano.specs -mfpu=fpv4-sp-d16 -mfloat-abi=hard -mthumb -o "Drivers/STM32F4xx_HAL_Driver/Src/stm32f4xx_hal_spi.o"
arm-none-eabi-gcc "../Drivers/STM32F4xx_HAL_Driver/Src/stm32f4xx_ll_adc.c" -mcpu=cortex-m4 -std=gnu11 -g3 -DDEBUG -DUSE_HAL_DRIVER -DSTM32F407xx -c -I../Core/Inc -I../Drivers/STM32F4xx_HAL_Driver/Inc -I../Drivers/STM32F4xx_HAL_Driver/Inc/Legacy -I../Drivers/CMSIS/Device/ST/STM32F4xx/Include -I../Drivers/CMSIS/Include -I../USB_DEVICE/App -I../USB_DEVICE/Target -I../Middlewares/ST/STM32_USB_Device_Library/Core/Inc -I../Middlewares/ST/STM32_USB_Device_Library/Class/CDC/Inc -O0 -ffunction-sections -fdata-sections -Wall -fstack-usage -fcyclomatic-complexity -MMD -MP -MF"Drivers/STM32F4xx_HAL_Driver/Src/stm32f4xx_ll_adc.d" -MT"Drivers/STM32F4xx_HAL_Driver/Src/stm32f4xx_ll_adc.o" --specs=nano.specs -mfpu=fpv4-sp-d16 -mfloat-abi=hard -mthumb -o "Drivers/STM32F4xx_HAL_Driver/Src/stm32f4xx_ll_adc.o"
arm-none-eabi-gcc "../Drivers/STM32F4xx_HAL_Driver/Src/stm32f4xx_ll_usb.c" -mcpu=cortex-m4 -std=gnu11 -g3 -DDEBUG -DUSE_HAL_DRIVER -DSTM32F407xx -c -I../Core/Inc -I../Drivers/STM32F4xx_HAL_Driver/Inc -I../Drivers/STM32F4xx_HAL_Driver/Inc/Legacy -I../Drivers/CMSIS/Device/ST/STM32F4xx/Include -I../Drivers/CMSIS/Include -I../USB_DEVICE/App -I../USB_DEVICE/Target -I../Middlewares/ST/STM32_USB_Device_Library/Core/Inc -I../Middlewares/ST/STM32_USB_Device_Library/Class/CDC/Inc -O0 -ffunction-sections -fdata-sections -Wall -fstack-usage -fcyclomatic-complexity -MMD -MP -MF"Drivers/STM32F4xx_HAL_Driver/Src/stm32f4xx_ll_usb.d" -MT"Drivers/STM32F4xx_HAL_Driver/Src/stm32f4xx_ll_usb.o" --specs=nano.specs -mfpu=fpv4-sp-d16 -mfloat-abi=hard -mthumb -o "Drivers/STM32F4xx_HAL_Driver/Src/stm32f4xx_ll_usb.o"
arm-none-eabi-gcc -mcpu=cortex-m4 -g3 -DDEBUG -c -x assembler-with-cpp -MMD -MP -MF"Core/Startup/startup_stm32f407vgtx.d" -MT"Core/Startup/startup_stm32f407vgtx.o" --specs=nano.specs -mfpu=fpv4-sp-d16 -mfloat-abi=hard -mthumb -o "Core/Startup/startup_stm32f407vgtx.o" "../Core/Startup/startup_stm32f407vgtx.s"
arm-none-eabi-gcc "../Core/Src/adc.c" -mcpu=cortex-m4 -std=gnu11 -g3 -DDEBUG -DUSE_HAL_DRIVER -DSTM32F407xx -c -I../Core/Inc -I../Drivers/STM32F4xx_HAL_Driver/Inc -I../Drivers/STM32F4xx_HAL_Driver/Inc/Legacy -I../Drivers/CMSIS/Device/ST/STM32F4xx/Include -I../Drivers/CMSIS/Include -I../USB_DEVICE/App -I../USB_DEVICE/Target -I../Middlewares/ST/STM32_USB_Device_Library/Core/Inc -I../Middlewares/ST/STM32_USB_Device_Library/Class/CDC/Inc -O0 -ffunction-sections -fdata-sections -Wall -fstack-usage -fcyclomatic-complexity -MMD -MP -MF"Core/Src/adc.d" -MT"Core/Src/adc.o" --specs=nano.specs -mfpu=fpv4-sp-d16 -mfloat-abi=hard -mthumb -o "Core/Src/adc.o"
arm-none-eabi-gcc "../Core/Src/bme280.c" -mcpu=cortex-m4 -std=gnu11 -g3 -DDEBUG -DUSE_HAL_DRIVER -DSTM32F407xx -c -I../Core/Inc -I../Drivers/STM32F4xx_HAL_Driver/Inc -I../Drivers/STM32F4xx_HAL_Driver/Inc/Legacy -I../Drivers/CMSIS/Device/ST/STM32F4xx/Include -I../Drivers/CMSIS/Include -I../USB_DEVICE/App -I../USB_DEVICE/Target -I../Middlewares/ST/STM32_USB_Device_Library/Core/Inc -I../Middlewares/ST/STM32_USB_Device_Library/Class/CDC/Inc -O0 -ffunction-sections -fdata-sections -Wall -fstack-usage -fcyclomatic-complexity -MMD -MP -MF"Core/Src/bme280.d" -MT"Core/Src/bme280.o" --specs=nano.specs -mfpu=fpv4-sp-d16 -mfloat-abi=hard -mthumb -o "Core/Src/bme280.o"
arm-none-eabi-gcc "../Core/Src/bme280_add.c" -mcpu=cortex-m4 -std=gnu11 -g3 -DDEBUG -DUSE_HAL_DRIVER -DSTM32F407xx -c -I../Core/Inc -I../Drivers/STM32F4xx_HAL_Driver/Inc -I../Drivers/STM32F4xx_HAL_Driver/Inc/Legacy -I../Drivers/CMSIS/Device/ST/STM32F4xx/Include -I../Drivers/CMSIS/Include -I../USB_DEVICE/App -I../USB_DEVICE/Target -I../Middlewares/ST/STM32_USB_Device_Library/Core/Inc -I../Middlewares/ST/STM32_USB_Device_Library/Class/CDC/Inc -O0 -ffunction-sections -fdata-sections -Wall -fstack-usage -fcyclomatic-complexity -MMD -MP -MF"Core/Src/bme280_add.d" -MT"Core/Src/bme280_add.o" --specs=nano.specs -mfpu=fpv4-sp-d16 -mfloat-abi=hard -mthumb -o "Core/Src/bme280_add.o"
arm-none-eabi-gcc "../Core/Src/gpio.c" -mcpu=cortex-m4 -std=gnu11 -g3 -DDEBUG -DUSE_HAL_DRIVER -DSTM32F407xx -c -I../Core/Inc -I../Drivers/STM32F4xx_HAL_Driver/Inc -I../Drivers/STM32F4xx_HAL_Driver/Inc/Legacy -I../Drivers/CMSIS/Device/ST/STM32F4xx/Include -I../Drivers/CMSIS/Include -I../USB_DEVICE/App -I../USB_DEVICE/Target -I../Middlewares/ST/STM32_USB_Device_Library/Core/Inc -I../Middlewares/ST/STM32_USB_Device_Library/Class/CDC/Inc -O0 -ffunction-sections -fdata-sections -Wall -fstack-usage -fcyclomatic-complexity -MMD -MP -MF"Core/Src/gpio.d" -MT"Core/Src/gpio.o" --specs=nano.specs -mfpu=fpv4-sp-d16 -mfloat-abi=hard -mthumb -o "Core/Src/gpio.o"
arm-none-eabi-gcc "../Core/Src/i2c.c" -mcpu=cortex-m4 -std=gnu11 -g3 -DDEBUG -DUSE_HAL_DRIVER -DSTM32F407xx -c -I../Core/Inc -I../Drivers/STM32F4xx_HAL_Driver/Inc -I../Drivers/STM32F4xx_HAL_Driver/Inc/Legacy -I../Drivers/CMSIS/Device/ST/STM32F4xx/Include -I../Drivers/CMSIS/Include -I../USB_DEVICE/App -I../USB_DEVICE/Target -I../Middlewares/ST/STM32_USB_Device_Library/Core/Inc -I../Middlewares/ST/STM32_USB_Device_Library/Class/CDC/Inc -O0 -ffunction-sections -fdata-sections -Wall -fstack-usage -fcyclomatic-complexity -MMD -MP -MF"Core/Src/i2c.d" -MT"Core/Src/i2c.o" --specs=nano.specs -mfpu=fpv4-sp-d16 -mfloat-abi=hard -mthumb -o "Core/Src/i2c.o"
arm-none-eabi-gcc "../Core/Src/i2s.c" -mcpu=cortex-m4 -std=gnu11 -g3 -DDEBUG -DUSE_HAL_DRIVER -DSTM32F407xx -c -I../Core/Inc -I../Drivers/STM32F4xx_HAL_Driver/Inc -I../Drivers/STM32F4xx_HAL_Driver/Inc/Legacy -I../Drivers/CMSIS/Device/ST/STM32F4xx/Include -I../Drivers/CMSIS/Include -I../USB_DEVICE/App -I../USB_DEVICE/Target -I../Middlewares/ST/STM32_USB_Device_Library/Core/Inc -I../Middlewares/ST/STM32_USB_Device_Library/Class/CDC/Inc -O0 -ffunction-sections -fdata-sections -Wall -fstack-usage -fcyclomatic-complexity -MMD -MP -MF"Core/Src/i2s.d" -MT"Core/Src/i2s.o" --specs=nano.specs -mfpu=fpv4-sp-d16 -mfloat-abi=hard -mthumb -o "Core/Src/i2s.o"
arm-none-eabi-gcc "../Core/Src/main.c" -mcpu=cortex-m4 -std=gnu11 -g3 -DDEBUG -DUSE_HAL_DRIVER -DSTM32F407xx -c -I../Core/Inc -I../Drivers/STM32F4xx_HAL_Driver/Inc -I../Drivers/STM32F4xx_HAL_Driver/Inc/Legacy -I../Drivers/CMSIS/Device/ST/STM32F4xx/Include -I../Drivers/CMSIS/Include -I../USB_DEVICE/App -I../USB_DEVICE/Target -I../Middlewares/ST/STM32_USB_Device_Library/Core/Inc -I../Middlewares/ST/STM32_USB_Device_Library/Class/CDC/Inc -O0 -ffunction-sections -fdata-sections -Wall -fstack-usage -fcyclomatic-complexity -MMD -MP -MF"Core/Src/main.d" -MT"Core/Src/main.o" --specs=nano.specs -mfpu=fpv4-sp-d16 -mfloat-abi=hard -mthumb -o "Core/Src/main.o"
arm-none-eabi-gcc "../Core/Src/mq9.c" -mcpu=cortex-m4 -std=gnu11 -g3 -DDEBUG -DUSE_HAL_DRIVER -DSTM32F407xx -c -I../Core/Inc -I../Drivers/STM32F4xx_HAL_Driver/Inc -I../Drivers/STM32F4xx_HAL_Driver/Inc/Legacy -I../Drivers/CMSIS/Device/ST/STM32F4xx/Include -I../Drivers/CMSIS/Include -I../USB_DEVICE/App -I../USB_DEVICE/Target -I../Middlewares/ST/STM32_USB_Device_Library/Core/Inc -I../Middlewares/ST/STM32_USB_Device_Library/Class/CDC/Inc -O0 -ffunction-sections -fdata-sections -Wall -fstack-usage -fcyclomatic-complexity -MMD -MP -MF"Core/Src/mq9.d" -MT"Core/Src/mq9.o" --specs=nano.specs -mfpu=fpv4-sp-d16 -mfloat-abi=hard -mthumb -o "Core/Src/mq9.o"
arm-none-eabi-gcc "../Core/Src/spi.c" -mcpu=cortex-m4 -std=gnu11 -g3 -DDEBUG -DUSE_HAL_DRIVER -DSTM32F407xx -c -I../Core/Inc -I../Drivers/STM32F4xx_HAL_Driver/Inc -I../Drivers/STM32F4xx_HAL_Driver/Inc/Legacy -I../Drivers/CMSIS/Device/ST/STM32F4xx/Include -I../Drivers/CMSIS/Include -I../USB_DEVICE/App -I../USB_DEVICE/Target -I../Middlewares/ST/STM32_USB_Device_Library/Core/Inc -I../Middlewares/ST/STM32_USB_Device_Library/Class/CDC/Inc -O0 -ffunction-sections -fdata-sections -Wall -fstack-usage -fcyclomatic-complexity -MMD -MP -MF"Core/Src/spi.d" -MT"Core/Src/spi.o" --specs=nano.specs -mfpu=fpv4-sp-d16 -mfloat-abi=hard -mthumb -o "Core/Src/spi.o"
arm-none-eabi-gcc "../Core/Src/stm32f4xx_hal_msp.c" -mcpu=cortex-m4 -std=gnu11 -g3 -DDEBUG -DUSE_HAL_DRIVER -DSTM32F407xx -c -I../Core/Inc -I../Drivers/STM32F4xx_HAL_Driver/Inc -I../Drivers/STM32F4xx_HAL_Driver/Inc/Legacy -I../Drivers/CMSIS/Device/ST/STM32F4xx/Include -I../Drivers/CMSIS/Include -I../USB_DEVICE/App -I../USB_DEVICE/Target -I../Middlewares/ST/STM32_USB_Device_Library/Core/Inc -I../Middlewares/ST/STM32_USB_Device_Library/Class/CDC/Inc -O0 -ffunction-sections -fdata-sections -Wall -fstack-usage -fcyclomatic-complexity -MMD -MP -MF"Core/Src/stm32f4xx_hal_msp.d" -MT"Core/Src/stm32f4xx_hal_msp.o" --specs=nano.specs -mfpu=fpv4-sp-d16 -mfloat-abi=hard -mthumb -o "Core/Src/stm32f4xx_hal_msp.o"
In file included from ../Core/Src/main.c:30:
../Core/Inc/bme280_add.h:7:31: warning: 'struct bme280_data' declared inside parameter list will not be visible outside of this definition or declaration
    7 | void print_sensor_data(struct bme280_data *comp_data);
      |                               ^~~~~~~~~~~
arm-none-eabi-gcc "../Core/Src/stm32f4xx_it.c" -mcpu=cortex-m4 -std=gnu11 -g3 -DDEBUG -DUSE_HAL_DRIVER -DSTM32F407xx -c -I../Core/Inc -I../Drivers/STM32F4xx_HAL_Driver/Inc -I../Drivers/STM32F4xx_HAL_Driver/Inc/Legacy -I../Drivers/CMSIS/Device/ST/STM32F4xx/Include -I../Drivers/CMSIS/Include -I../USB_DEVICE/App -I../USB_DEVICE/Target -I../Middlewares/ST/STM32_USB_Device_Library/Core/Inc -I../Middlewares/ST/STM32_USB_Device_Library/Class/CDC/Inc -O0 -ffunction-sections -fdata-sections -Wall -fstack-usage -fcyclomatic-complexity -MMD -MP -MF"Core/Src/stm32f4xx_it.d" -MT"Core/Src/stm32f4xx_it.o" --specs=nano.specs -mfpu=fpv4-sp-d16 -mfloat-abi=hard -mthumb -o "Core/Src/stm32f4xx_it.o"
../Core/Src/mq9.c: In function 'MQ9_calbration':
../Core/Src/mq9.c:25:36: warning: format '%d' expects argument of type 'int', but argument 3 has type 'double' [-Wformat=]
   25 |                 sprintf(current, "%d", currentValue);
      |                                   ~^   ~~~~~~~~~~~~
      |                                    |   |
      |                                    int double
      |                                   %f
../Core/Src/mq9.c:26:17: warning: implicit declaration of function 'DC_Transmit_FS'; did you mean 'CDC_Transmit_FS'? [-Wimplicit-function-declaration]
   26 |                 DC_Transmit_FS((uint8_t*)"\n\rMQ-9 calibration: ",18);
      |                 ^~~~~~~~~~~~~~
      |                 CDC_Transmit_FS
arm-none-eabi-gcc "../Core/Src/syscalls.c" -mcpu=cortex-m4 -std=gnu11 -g3 -DDEBUG -DUSE_HAL_DRIVER -DSTM32F407xx -c -I../Core/Inc -I../Drivers/STM32F4xx_HAL_Driver/Inc -I../Drivers/STM32F4xx_HAL_Driver/Inc/Legacy -I../Drivers/CMSIS/Device/ST/STM32F4xx/Include -I../Drivers/CMSIS/Include -I../USB_DEVICE/App -I../USB_DEVICE/Target -I../Middlewares/ST/STM32_USB_Device_Library/Core/Inc -I../Middlewares/ST/STM32_USB_Device_Library/Class/CDC/Inc -O0 -ffunction-sections -fdata-sections -Wall -fstack-usage -fcyclomatic-complexity -MMD -MP -MF"Core/Src/syscalls.d" -MT"Core/Src/syscalls.o" --specs=nano.specs -mfpu=fpv4-sp-d16 -mfloat-abi=hard -mthumb -o "Core/Src/syscalls.o"
arm-none-eabi-gcc "../Core/Src/sysmem.c" -mcpu=cortex-m4 -std=gnu11 -g3 -DDEBUG -DUSE_HAL_DRIVER -DSTM32F407xx -c -I../Core/Inc -I../Drivers/STM32F4xx_HAL_Driver/Inc -I../Drivers/STM32F4xx_HAL_Driver/Inc/Legacy -I../Drivers/CMSIS/Device/ST/STM32F4xx/Include -I../Drivers/CMSIS/Include -I../USB_DEVICE/App -I../USB_DEVICE/Target -I../Middlewares/ST/STM32_USB_Device_Library/Core/Inc -I../Middlewares/ST/STM32_USB_Device_Library/Class/CDC/Inc -O0 -ffunction-sections -fdata-sections -Wall -fstack-usage -fcyclomatic-complexity -MMD -MP -MF"Core/Src/sysmem.d" -MT"Core/Src/sysmem.o" --specs=nano.specs -mfpu=fpv4-sp-d16 -mfloat-abi=hard -mthumb -o "Core/Src/sysmem.o"
arm-none-eabi-gcc "../Core/Src/system_stm32f4xx.c" -mcpu=cortex-m4 -std=gnu11 -g3 -DDEBUG -DUSE_HAL_DRIVER -DSTM32F407xx -c -I../Core/Inc -I../Drivers/STM32F4xx_HAL_Driver/Inc -I../Drivers/STM32F4xx_HAL_Driver/Inc/Legacy -I../Drivers/CMSIS/Device/ST/STM32F4xx/Include -I../Drivers/CMSIS/Include -I../USB_DEVICE/App -I../USB_DEVICE/Target -I../Middlewares/ST/STM32_USB_Device_Library/Core/Inc -I../Middlewares/ST/STM32_USB_Device_Library/Class/CDC/Inc -O0 -ffunction-sections -fdata-sections -Wall -fstack-usage -fcyclomatic-complexity -MMD -MP -MF"Core/Src/system_stm32f4xx.d" -MT"Core/Src/system_stm32f4xx.o" --specs=nano.specs -mfpu=fpv4-sp-d16 -mfloat-abi=hard -mthumb -o "Core/Src/system_stm32f4xx.o"
arm-none-eabi-gcc -o "weather_station.elf" @"objects.list"   -mcpu=cortex-m4 -T"C:\Users\damia\STM32CubeIDE\projekt_sen\weather_station\STM32F407VGTX_FLASH.ld" --specs=nosys.specs -Wl,-Map="weather_station.map" -Wl,--gc-sections -static --specs=nano.specs -mfpu=fpv4-sp-d16 -mfloat-abi=hard -mthumb -u _printf_float -Wl,--start-group -lc -lm -Wl,--end-group
C:/ST/STM32CubeIDE_1.18.0/STM32CubeIDE/plugins/com.st.stm32cube.ide.mcu.externaltools.gnu-tools-for-stm32.13.3.rel1.win32_1.0.0.202411081344/tools/bin/../lib/gcc/arm-none-eabi/13.3.1/../../../../arm-none-eabi/bin/ld.exe: ./Core/Src/mq9.o: in function `MQ9_calbration':
C:/Users/damia/STM32CubeIDE/projekt_sen/weather_station/Debug/../Core/Src/mq9.c:26:(.text.MQ9_calbration+0x52): undefined reference to `DC_Transmit_FS'
collect2.exe: error: ld returned 1 exit status
make: *** [makefile:68: weather_station.elf] Error 1
"make -j8 all" terminated with exit code 2. Build might be incomplete.
18:32:04 **** Incremental Build of configuration Debug for project weather_station ****
make -j8 all 
arm-none-eabi-gcc -o "weather_station.elf" @"objects.list"   -mcpu=cortex-m4 -T"C:\Users\damia\STM32CubeIDE\projekt_sen\weather_station\STM32F407VGTX_FLASH.ld" --specs=nosys.specs -Wl,-Map="weather_station.map" -Wl,--gc-sections -static --specs=nano.specs -mfpu=fpv4-sp-d16 -mfloat-abi=hard -mthumb -u _printf_float -Wl,--start-group -lc -lm -Wl,--end-group
C:/ST/STM32CubeIDE_1.18.0/STM32CubeIDE/plugins/com.st.stm32cube.ide.mcu.externaltools.gnu-tools-for-stm32.13.3.rel1.win32_1.0.0.202411081344/tools/bin/../lib/gcc/arm-none-eabi/13.3.1/../../../../arm-none-eabi/bin/ld.exe: ./Core/Src/mq9.o: in function `MQ9_calbration':
C:/Users/damia/STM32CubeIDE/projekt_sen/weather_station/Debug/../Core/Src/mq9.c:26:(.text.MQ9_calbration+0x52): undefined reference to `DC_Transmit_FS'
collect2.exe: error: ld returned 1 exit status
make: *** [makefile:68: weather_station.elf] Error 1
"make -j8 all" terminated with exit code 2. Build might be incomplete.
18:34:32 **** Incremental Build of configuration Debug for project weather_station ****
make -j8 all 
arm-none-eabi-gcc "../Core/Src/main.c" -mcpu=cortex-m4 -std=gnu11 -g3 -DDEBUG -DUSE_HAL_DRIVER -DSTM32F407xx -c -I../Core/Inc -I../Drivers/STM32F4xx_HAL_Driver/Inc -I../Drivers/STM32F4xx_HAL_Driver/Inc/Legacy -I../Drivers/CMSIS/Device/ST/STM32F4xx/Include -I../Drivers/CMSIS/Include -I../USB_DEVICE/App -I../USB_DEVICE/Target -I../Middlewares/ST/STM32_USB_Device_Library/Core/Inc -I../Middlewares/ST/STM32_USB_Device_Library/Class/CDC/Inc -O0 -ffunction-sections -fdata-sections -Wall -fstack-usage -fcyclomatic-complexity -MMD -MP -MF"Core/Src/main.d" -MT"Core/Src/main.o" --specs=nano.specs -mfpu=fpv4-sp-d16 -mfloat-abi=hard -mthumb -o "Core/Src/main.o"
arm-none-eabi-gcc "../Core/Src/mq9.c" -mcpu=cortex-m4 -std=gnu11 -g3 -DDEBUG -DUSE_HAL_DRIVER -DSTM32F407xx -c -I../Core/Inc -I../Drivers/STM32F4xx_HAL_Driver/Inc -I../Drivers/STM32F4xx_HAL_Driver/Inc/Legacy -I../Drivers/CMSIS/Device/ST/STM32F4xx/Include -I../Drivers/CMSIS/Include -I../USB_DEVICE/App -I../USB_DEVICE/Target -I../Middlewares/ST/STM32_USB_Device_Library/Core/Inc -I../Middlewares/ST/STM32_USB_Device_Library/Class/CDC/Inc -O0 -ffunction-sections -fdata-sections -Wall -fstack-usage -fcyclomatic-complexity -MMD -MP -MF"Core/Src/mq9.d" -MT"Core/Src/mq9.o" --specs=nano.specs -mfpu=fpv4-sp-d16 -mfloat-abi=hard -mthumb -o "Core/Src/mq9.o"
In file included from ../Core/Src/main.c:30:
../Core/Inc/bme280_add.h:7:31: warning: 'struct bme280_data' declared inside parameter list will not be visible outside of this definition or declaration
    7 | void print_sensor_data(struct bme280_data *comp_data);
      |                               ^~~~~~~~~~~
../Core/Src/mq9.c: In function 'MQ9_calbration':
../Core/Src/mq9.c:25:36: warning: format '%d' expects argument of type 'int', but argument 3 has type 'double' [-Wformat=]
   25 |                 sprintf(current, "%d", currentValue);
      |                                   ~^   ~~~~~~~~~~~~
      |                                    |   |
      |                                    int double
      |                                   %f
../Core/Src/mq9.c:26:17: warning: implicit declaration of function 'DC_Transmit_FS'; did you mean 'CDC_Transmit_FS'? [-Wimplicit-function-declaration]
   26 |                 DC_Transmit_FS((uint8_t*)"\n\rMQ-9 calibration: ",18);
      |                 ^~~~~~~~~~~~~~
      |                 CDC_Transmit_FS
arm-none-eabi-gcc -o "weather_station.elf" @"objects.list"   -mcpu=cortex-m4 -T"C:\Users\damia\STM32CubeIDE\projekt_sen\weather_station\STM32F407VGTX_FLASH.ld" --specs=nosys.specs -Wl,-Map="weather_station.map" -Wl,--gc-sections -static --specs=nano.specs -mfpu=fpv4-sp-d16 -mfloat-abi=hard -mthumb -u _printf_float -Wl,--start-group -lc -lm -Wl,--end-group
C:/ST/STM32CubeIDE_1.18.0/STM32CubeIDE/plugins/com.st.stm32cube.ide.mcu.externaltools.gnu-tools-for-stm32.13.3.rel1.win32_1.0.0.202411081344/tools/bin/../lib/gcc/arm-none-eabi/13.3.1/../../../../arm-none-eabi/bin/ld.exe: ./Core/Src/mq9.o: in function `MQ9_calbration':
C:/Users/damia/STM32CubeIDE/projekt_sen/weather_station/Debug/../Core/Src/mq9.c:26:(.text.MQ9_calbration+0x58): undefined reference to `DC_Transmit_FS'
collect2.exe: error: ld returned 1 exit status
make: *** [makefile:68: weather_station.elf] Error 1
"make -j8 all" terminated with exit code 2. Build might be incomplete.
18:35:33 **** Incremental Build of configuration Debug for project weather_station ****
make -j8 all 
arm-none-eabi-gcc "../Core/Src/mq9.c" -mcpu=cortex-m4 -std=gnu11 -g3 -DDEBUG -DUSE_HAL_DRIVER -DSTM32F407xx -c -I../Core/Inc -I../Drivers/STM32F4xx_HAL_Driver/Inc -I../Drivers/STM32F4xx_HAL_Driver/Inc/Legacy -I../Drivers/CMSIS/Device/ST/STM32F4xx/Include -I../Drivers/CMSIS/Include -I../USB_DEVICE/App -I../USB_DEVICE/Target -I../Middlewares/ST/STM32_USB_Device_Library/Core/Inc -I../Middlewares/ST/STM32_USB_Device_Library/Class/CDC/Inc -O0 -ffunction-sections -fdata-sections -Wall -fstack-usage -fcyclomatic-complexity -MMD -MP -MF"Core/Src/mq9.d" -MT"Core/Src/mq9.o" --specs=nano.specs -mfpu=fpv4-sp-d16 -mfloat-abi=hard -mthumb -o "Core/Src/mq9.o"
../Core/Src/mq9.c: In function 'MQ9_calbration':
../Core/Src/mq9.c:25:36: warning: format '%d' expects argument of type 'int', but argument 3 has type 'double' [-Wformat=]
   25 |                 sprintf(current, "%d", currentValue);
      |                                   ~^   ~~~~~~~~~~~~
      |                                    |   |
      |                                    int double
      |                                   %f
arm-none-eabi-gcc -o "weather_station.elf" @"objects.list"   -mcpu=cortex-m4 -T"C:\Users\damia\STM32CubeIDE\projekt_sen\weather_station\STM32F407VGTX_FLASH.ld" --specs=nosys.specs -Wl,-Map="weather_station.map" -Wl,--gc-sections -static --specs=nano.specs -mfpu=fpv4-sp-d16 -mfloat-abi=hard -mthumb -u _printf_float -Wl,--start-group -lc -lm -Wl,--end-group
Finished building target: weather_station.elf
 
arm-none-eabi-size  weather_station.elf 
arm-none-eabi-objdump -h -S weather_station.elf  > "weather_station.list"
   text	   data	    bss	    dec	    hex	filename
  60988	    712	   9544	  71244	  1164c	weather_station.elf
Finished building: default.size.stdout
 
Finished building: weather_station.list
 
18:36:05 **** Incremental Build of configuration Debug for project weather_station ****
make -j8 all 
arm-none-eabi-size  weather_station.elf 
   text	   data	    bss	    dec	    hex	filename
  60988	    712	   9544	  71244	  1164c	weather_station.elf
Finished building: default.size.stdout
 
18:36:57 **** Incremental Build of configuration Debug for project weather_station ****
make -j8 all 
arm-none-eabi-gcc "../Core/Src/main.c" -mcpu=cortex-m4 -std=gnu11 -g3 -DDEBUG -DUSE_HAL_DRIVER -DSTM32F407xx -c -I../Core/Inc -I../Drivers/STM32F4xx_HAL_Driver/Inc -I../Drivers/STM32F4xx_HAL_Driver/Inc/Legacy -I../Drivers/CMSIS/Device/ST/STM32F4xx/Include -I../Drivers/CMSIS/Include -I../USB_DEVICE/App -I../USB_DEVICE/Target -I../Middlewares/ST/STM32_USB_Device_Library/Core/Inc -I../Middlewares/ST/STM32_USB_Device_Library/Class/CDC/Inc -O0 -ffunction-sections -fdata-sections -Wall -fstack-usage -fcyclomatic-complexity -MMD -MP -MF"Core/Src/main.d" -MT"Core/Src/main.o" --specs=nano.specs -mfpu=fpv4-sp-d16 -mfloat-abi=hard -mthumb -o "Core/Src/main.o"
In file included from ../Core/Src/main.c:30:
../Core/Inc/bme280_add.h:7:31: warning: 'struct bme280_data' declared inside parameter list will not be visible outside of this definition or declaration
    7 | void print_sensor_data(struct bme280_data *comp_data);
      |                               ^~~~~~~~~~~
arm-none-eabi-gcc -o "weather_station.elf" @"objects.list"   -mcpu=cortex-m4 -T"C:\Users\damia\STM32CubeIDE\projekt_sen\weather_station\STM32F407VGTX_FLASH.ld" --specs=nosys.specs -Wl,-Map="weather_station.map" -Wl,--gc-sections -static --specs=nano.specs -mfpu=fpv4-sp-d16 -mfloat-abi=hard -mthumb -u _printf_float -Wl,--start-group -lc -lm -Wl,--end-group
Finished building target: weather_station.elf
 
arm-none-eabi-size  weather_station.elf 
arm-none-eabi-objdump -h -S weather_station.elf  > "weather_station.list"
   text	   data	    bss	    dec	    hex	filename
  60996	    712	   9544	  71252	  11654	weather_station.elf
Finished building: default.size.stdout
 
Finished building: weather_station.list
 
18:38:37 **** Incremental Build of configuration Debug for project weather_station ****
make -j8 all 
arm-none-eabi-gcc "../Core/Src/mq9.c" -mcpu=cortex-m4 -std=gnu11 -g3 -DDEBUG -DUSE_HAL_DRIVER -DSTM32F407xx -c -I../Core/Inc -I../Drivers/STM32F4xx_HAL_Driver/Inc -I../Drivers/STM32F4xx_HAL_Driver/Inc/Legacy -I../Drivers/CMSIS/Device/ST/STM32F4xx/Include -I../Drivers/CMSIS/Include -I../USB_DEVICE/App -I../USB_DEVICE/Target -I../Middlewares/ST/STM32_USB_Device_Library/Core/Inc -I../Middlewares/ST/STM32_USB_Device_Library/Class/CDC/Inc -O0 -ffunction-sections -fdata-sections -Wall -fstack-usage -fcyclomatic-complexity -MMD -MP -MF"Core/Src/mq9.d" -MT"Core/Src/mq9.o" --specs=nano.specs -mfpu=fpv4-sp-d16 -mfloat-abi=hard -mthumb -o "Core/Src/mq9.o"
arm-none-eabi-gcc -o "weather_station.elf" @"objects.list"   -mcpu=cortex-m4 -T"C:\Users\damia\STM32CubeIDE\projekt_sen\weather_station\STM32F407VGTX_FLASH.ld" --specs=nosys.specs -Wl,-Map="weather_station.map" -Wl,--gc-sections -static --specs=nano.specs -mfpu=fpv4-sp-d16 -mfloat-abi=hard -mthumb -u _printf_float -Wl,--start-group -lc -lm -Wl,--end-group
Finished building target: weather_station.elf
 
arm-none-eabi-size  weather_station.elf 
arm-none-eabi-objdump -h -S weather_station.elf  > "weather_station.list"
   text	   data	    bss	    dec	    hex	filename
  60988	    712	   9544	  71244	  1164c	weather_station.elf
Finished building: default.size.stdout
 
Finished building: weather_station.list
 
18:39:16 **** Incremental Build of configuration Debug for project weather_station ****
make -j8 all 
[...]
    4 | #include "mq9.h"
  +++ |+#include <math.h>
    5 | 
../Core/Src/mq9.c:62:26: warning: incompatible implicit declaration of built-in function 'powf' [-Wbuiltin-declaration-mismatch]
   62 |         float ppm = 1000*powf(ratio, -1.8);
      |                          ^~~~
../Core/Src/mq9.c:62:26: note: include '<math.h>' or provide a declaration of 'powf'
../Core/Src/mq9.c: In function 'MQ9_print_sensor_data':
../Core/Src/mq9.c:69:24: warning: format '%d' expects argument of type 'int', but argument 3 has type 'double' [-Wformat=]
   69 |         sprintf(ppm, "%d", ppm_val);
      |                       ~^   ~~~~~~~
      |                        |   |
      |                        int double
      |                       %f
arm-none-eabi-gcc -o "weather_station.elf" @"objects.list"   -mcpu=cortex-m4 -T"C:\Users\damia\STM32CubeIDE\projekt_sen\weather_station\STM32F407VGTX_FLASH.ld" --specs=nosys.specs -Wl,-Map="weather_station.map" -Wl,--gc-sections -static --specs=nano.specs -mfpu=fpv4-sp-d16 -mfloat-abi=hard -mthumb -u _printf_float -Wl,--start-group -lc -lm -Wl,--end-group
Finished building target: weather_station.elf
 
arm-none-eabi-size  weather_station.elf 
arm-none-eabi-objdump -h -S weather_station.elf  > "weather_station.list"
   text	   data	    bss	    dec	    hex	filename
  63380	    712	   9544	  73636	  11fa4	weather_station.elf
Finished building: default.size.stdout
 
Finished building: weather_station.list
 
19:38:18 **** Incremental Build of configuration Debug for project weather_station ****
make -j8 all 
arm-none-eabi-gcc "../Core/Src/mq9.c" -mcpu=cortex-m4 -std=gnu11 -g3 -DDEBUG -DUSE_HAL_DRIVER -DSTM32F407xx -c -I../Core/Inc -I../Drivers/STM32F4xx_HAL_Driver/Inc -I../Drivers/STM32F4xx_HAL_Driver/Inc/Legacy -I../Drivers/CMSIS/Device/ST/STM32F4xx/Include -I../Drivers/CMSIS/Include -I../USB_DEVICE/App -I../USB_DEVICE/Target -I../Middlewares/ST/STM32_USB_Device_Library/Core/Inc -I../Middlewares/ST/STM32_USB_Device_Library/Class/CDC/Inc -O0 -ffunction-sections -fdata-sections -Wall -fstack-usage -fcyclomatic-complexity -MMD -MP -MF"Core/Src/mq9.d" -MT"Core/Src/mq9.o" --specs=nano.specs -mfpu=fpv4-sp-d16 -mfloat-abi=hard -mthumb -o "Core/Src/mq9.o"
../Core/Src/mq9.c: In function 'MQ9_read_data':
../Core/Src/mq9.c:62:26: warning: implicit declaration of function 'powf' [-Wimplicit-function-declaration]
   62 |         float ppm = 1000*powf(ratio, -1.8);
      |                          ^~~~
../Core/Src/mq9.c:5:1: note: include '<math.h>' or provide a declaration of 'powf'
    4 | #include "mq9.h"
  +++ |+#include <math.h>
    5 | 
../Core/Src/mq9.c:62:26: warning: incompatible implicit declaration of built-in function 'powf' [-Wbuiltin-declaration-mismatch]
   62 |         float ppm = 1000*powf(ratio, -1.8);
      |                          ^~~~
../Core/Src/mq9.c:62:26: note: include '<math.h>' or provide a declaration of 'powf'
../Core/Src/mq9.c: In function 'MQ9_print_sensor_data':
../Core/Src/mq9.c:69:24: warning: format '%d' expects argument of type 'int', but argument 3 has type 'double' [-Wformat=]
   69 |         sprintf(ppm, "%d", ppm_val);
      |                       ~^   ~~~~~~~
      |                        |   |
      |                        int double
      |                       %f
arm-none-eabi-gcc -o "weather_station.elf" @"objects.list"   -mcpu=cortex-m4 -T"C:\Users\damia\STM32CubeIDE\projekt_sen\weather_station\STM32F407VGTX_FLASH.ld" --specs=nosys.specs -Wl,-Map="weather_station.map" -Wl,--gc-sections -static --specs=nano.specs -mfpu=fpv4-sp-d16 -mfloat-abi=hard -mthumb -u _printf_float -Wl,--start-group -lc -lm -Wl,--end-group
Finished building target: weather_station.elf
 
arm-none-eabi-size  weather_station.elf 
arm-none-eabi-objdump -h -S weather_station.elf  > "weather_station.list"
   text	   data	    bss	    dec	    hex	filename
  63380	    712	   9544	  73636	  11fa4	weather_station.elf
Finished building: default.size.stdout
 
Finished building: weather_station.list
 
19:38:35 **** Incremental Build of configuration Debug for project weather_station ****
make -j8 all 
arm-none-eabi-gcc "../Core/Src/mq9.c" -mcpu=cortex-m4 -std=gnu11 -g3 -DDEBUG -DUSE_HAL_DRIVER -DSTM32F407xx -c -I../Core/Inc -I../Drivers/STM32F4xx_HAL_Driver/Inc -I../Drivers/STM32F4xx_HAL_Driver/Inc/Legacy -I../Drivers/CMSIS/Device/ST/STM32F4xx/Include -I../Drivers/CMSIS/Include -I../USB_DEVICE/App -I../USB_DEVICE/Target -I../Middlewares/ST/STM32_USB_Device_Library/Core/Inc -I../Middlewares/ST/STM32_USB_Device_Library/Class/CDC/Inc -O0 -ffunction-sections -fdata-sections -Wall -fstack-usage -fcyclomatic-complexity -MMD -MP -MF"Core/Src/mq9.d" -MT"Core/Src/mq9.o" --specs=nano.specs -mfpu=fpv4-sp-d16 -mfloat-abi=hard -mthumb -o "Core/Src/mq9.o"
../Core/Src/mq9.c: In function 'MQ9_read_data':
../Core/Src/mq9.c:62:26: warning: implicit declaration of function 'powf' [-Wimplicit-function-declaration]
   62 |         float ppm = 1000*powf(ratio, -1.8);
      |                          ^~~~
../Core/Src/mq9.c:5:1: note: include '<math.h>' or provide a declaration of 'powf'
    4 | #include "mq9.h"
  +++ |+#include <math.h>
    5 | 
../Core/Src/mq9.c:62:26: warning: incompatible implicit declaration of built-in function 'powf' [-Wbuiltin-declaration-mismatch]
   62 |         float ppm = 1000*powf(ratio, -1.8);
      |                          ^~~~
../Core/Src/mq9.c:62:26: note: include '<math.h>' or provide a declaration of 'powf'
../Core/Src/mq9.c: In function 'MQ9_print_sensor_data':
../Core/Src/mq9.c:69:24: warning: format '%d' expects argument of type 'int', but argument 3 has type 'double' [-Wformat=]
   69 |         sprintf(ppm, "%d", ppm_val);
      |                       ~^   ~~~~~~~
      |                        |   |
      |                        int double
      |                       %f
arm-none-eabi-gcc -o "weather_station.elf" @"objects.list"   -mcpu=cortex-m4 -T"C:\Users\damia\STM32CubeIDE\projekt_sen\weather_station\STM32F407VGTX_FLASH.ld" --specs=nosys.specs -Wl,-Map="weather_station.map" -Wl,--gc-sections -static --specs=nano.specs -mfpu=fpv4-sp-d16 -mfloat-abi=hard -mthumb -u _printf_float -Wl,--start-group -lc -lm -Wl,--end-group
Finished building target: weather_station.elf
 
arm-none-eabi-size  weather_station.elf 
arm-none-eabi-objdump -h -S weather_station.elf  > "weather_station.list"
   text	   data	    bss	    dec	    hex	filename
  63388	    712	   9544	  73644	  11fac	weather_station.elf
Finished building: default.size.stdout
 
Finished building: weather_station.list
 
19:38:53 **** Incremental Build of configuration Debug for project weather_station ****
make -j8 all 
arm-none-eabi-gcc "../Core/Src/mq9.c" -mcpu=cortex-m4 -std=gnu11 -g3 -DDEBUG -DUSE_HAL_DRIVER -DSTM32F407xx -c -I../Core/Inc -I../Drivers/STM32F4xx_HAL_Driver/Inc -I../Drivers/STM32F4xx_HAL_Driver/Inc/Legacy -I../Drivers/CMSIS/Device/ST/STM32F4xx/Include -I../Drivers/CMSIS/Include -I../USB_DEVICE/App -I../USB_DEVICE/Target -I../Middlewares/ST/STM32_USB_Device_Library/Core/Inc -I../Middlewares/ST/STM32_USB_Device_Library/Class/CDC/Inc -O0 -ffunction-sections -fdata-sections -Wall -fstack-usage -fcyclomatic-complexity -MMD -MP -MF"Core/Src/mq9.d" -MT"Core/Src/mq9.o" --specs=nano.specs -mfpu=fpv4-sp-d16 -mfloat-abi=hard -mthumb -o "Core/Src/mq9.o"
../Core/Src/mq9.c: In function 'MQ9_read_data':
../Core/Src/mq9.c:62:26: warning: implicit declaration of function 'powf' [-Wimplicit-function-declaration]
   62 |         float ppm = 1000*powf(ratio, -1.8);
      |                          ^~~~
../Core/Src/mq9.c:5:1: note: include '<math.h>' or provide a declaration of 'powf'
    4 | #include "mq9.h"
  +++ |+#include <math.h>
    5 | 
../Core/Src/mq9.c:62:26: warning: incompatible implicit declaration of built-in function 'powf' [-Wbuiltin-declaration-mismatch]
   62 |         float ppm = 1000*powf(ratio, -1.8);
      |                          ^~~~
../Core/Src/mq9.c:62:26: note: include '<math.h>' or provide a declaration of 'powf'
arm-none-eabi-gcc -o "weather_station.elf" @"objects.list"   -mcpu=cortex-m4 -T"C:\Users\damia\STM32CubeIDE\projekt_sen\weather_station\STM32F407VGTX_FLASH.ld" --specs=nosys.specs -Wl,-Map="weather_station.map" -Wl,--gc-sections -static --specs=nano.specs -mfpu=fpv4-sp-d16 -mfloat-abi=hard -mthumb -u _printf_float -Wl,--start-group -lc -lm -Wl,--end-group
Finished building target: weather_station.elf
 
arm-none-eabi-size  weather_station.elf 
arm-none-eabi-objdump -h -S weather_station.elf  > "weather_station.list"
   text	   data	    bss	    dec	    hex	filename
  63396	    712	   9544	  73652	  11fb4	weather_station.elf
Finished building: default.size.stdout
 
Finished building: weather_station.list
 
19:40:12 **** Incremental Build of configuration Debug for project weather_station ****
make -j8 all 
arm-none-eabi-gcc "../Core/Src/mq9.c" -mcpu=cortex-m4 -std=gnu11 -g3 -DDEBUG -DUSE_HAL_DRIVER -DSTM32F407xx -c -I../Core/Inc -I../Drivers/STM32F4xx_HAL_Driver/Inc -I../Drivers/STM32F4xx_HAL_Driver/Inc/Legacy -I../Drivers/CMSIS/Device/ST/STM32F4xx/Include -I../Drivers/CMSIS/Include -I../USB_DEVICE/App -I../USB_DEVICE/Target -I../Middlewares/ST/STM32_USB_Device_Library/Core/Inc -I../Middlewares/ST/STM32_USB_Device_Library/Class/CDC/Inc -O0 -ffunction-sections -fdata-sections -Wall -fstack-usage -fcyclomatic-complexity -MMD -MP -MF"Core/Src/mq9.d" -MT"Core/Src/mq9.o" --specs=nano.specs -mfpu=fpv4-sp-d16 -mfloat-abi=hard -mthumb -o "Core/Src/mq9.o"
arm-none-eabi-gcc -o "weather_station.elf" @"objects.list"   -mcpu=cortex-m4 -T"C:\Users\damia\STM32CubeIDE\projekt_sen\weather_station\STM32F407VGTX_FLASH.ld" --specs=nosys.specs -Wl,-Map="weather_station.map" -Wl,--gc-sections -static --specs=nano.specs -mfpu=fpv4-sp-d16 -mfloat-abi=hard -mthumb -u _printf_float -Wl,--start-group -lc -lm -Wl,--end-group
Finished building target: weather_station.elf
 
arm-none-eabi-size  weather_station.elf 
arm-none-eabi-objdump -h -S weather_station.elf  > "weather_station.list"
   text	   data	    bss	    dec	    hex	filename
  63396	    712	   9544	  73652	  11fb4	weather_station.elf
Finished building: default.size.stdout
 
Finished building: weather_station.list
 
19:51:01 **** Incremental Build of configuration Debug for project weather_station ****
make -j8 all 
arm-none-eabi-gcc "../Core/Src/main.c" -mcpu=cortex-m4 -std=gnu11 -g3 -DDEBUG -DUSE_HAL_DRIVER -DSTM32F407xx -c -I../Core/Inc -I../Drivers/STM32F4xx_HAL_Driver/Inc -I../Drivers/STM32F4xx_HAL_Driver/Inc/Legacy -I../Drivers/CMSIS/Device/ST/STM32F4xx/Include -I../Drivers/CMSIS/Include -I../USB_DEVICE/App -I../USB_DEVICE/Target -I../Middlewares/ST/STM32_USB_Device_Library/Core/Inc -I../Middlewares/ST/STM32_USB_Device_Library/Class/CDC/Inc -O0 -ffunction-sections -fdata-sections -Wall -fstack-usage -fcyclomatic-complexity -MMD -MP -MF"Core/Src/main.d" -MT"Core/Src/main.o" --specs=nano.specs -mfpu=fpv4-sp-d16 -mfloat-abi=hard -mthumb -o "Core/Src/main.o"
arm-none-eabi-gcc "../Core/Src/mq9.c" -mcpu=cortex-m4 -std=gnu11 -g3 -DDEBUG -DUSE_HAL_DRIVER -DSTM32F407xx -c -I../Core/Inc -I../Drivers/STM32F4xx_HAL_Driver/Inc -I../Drivers/STM32F4xx_HAL_Driver/Inc/Legacy -I../Drivers/CMSIS/Device/ST/STM32F4xx/Include -I../Drivers/CMSIS/Include -I../USB_DEVICE/App -I../USB_DEVICE/Target -I../Middlewares/ST/STM32_USB_Device_Library/Core/Inc -I../Middlewares/ST/STM32_USB_Device_Library/Class/CDC/Inc -O0 -ffunction-sections -fdata-sections -Wall -fstack-usage -fcyclomatic-complexity -MMD -MP -MF"Core/Src/mq9.d" -MT"Core/Src/mq9.o" --specs=nano.specs -mfpu=fpv4-sp-d16 -mfloat-abi=hard -mthumb -o "Core/Src/mq9.o"
In file included from ../Core/Src/main.c:30:
../Core/Inc/bme280_add.h:7:31: warning: 'struct bme280_data' declared inside parameter list will not be visible outside of this definition or declaration
    7 | void print_sensor_data(struct bme280_data *comp_data);
      |                               ^~~~~~~~~~~
arm-none-eabi-gcc -o "weather_station.elf" @"objects.list"   -mcpu=cortex-m4 -T"C:\Users\damia\STM32CubeIDE\projekt_sen\weather_station\STM32F407VGTX_FLASH.ld" --specs=nosys.specs -Wl,-Map="weather_station.map" -Wl,--gc-sections -static --specs=nano.specs -mfpu=fpv4-sp-d16 -mfloat-abi=hard -mthumb -u _printf_float -Wl,--start-group -lc -lm -Wl,--end-group
Finished building target: weather_station.elf
 
arm-none-eabi-size  weather_station.elf 
arm-none-eabi-objdump -h -S weather_station.elf  > "weather_station.list"
   text	   data	    bss	    dec	    hex	filename
  63484	    712	   9544	  73740	  1200c	weather_station.elf
Finished building: default.size.stdout
 
Finished building: weather_station.list
 
19:51:51 **** Incremental Build of configuration Debug for project weather_station ****
make -j8 all 
arm-none-eabi-gcc "../Core/Src/mq9.c" -mcpu=cortex-m4 -std=gnu11 -g3 -DDEBUG -DUSE_HAL_DRIVER -DSTM32F407xx -c -I../Core/Inc -I../Drivers/STM32F4xx_HAL_Driver/Inc -I../Drivers/STM32F4xx_HAL_Driver/Inc/Legacy -I../Drivers/CMSIS/Device/ST/STM32F4xx/Include -I../Drivers/CMSIS/Include -I../USB_DEVICE/App -I../USB_DEVICE/Target -I../Middlewares/ST/STM32_USB_Device_Library/Core/Inc -I../Middlewares/ST/STM32_USB_Device_Library/Class/CDC/Inc -O0 -ffunction-sections -fdata-sections -Wall -fstack-usage -fcyclomatic-complexity -MMD -MP -MF"Core/Src/mq9.d" -MT"Core/Src/mq9.o" --specs=nano.specs -mfpu=fpv4-sp-d16 -mfloat-abi=hard -mthumb -o "Core/Src/mq9.o"
arm-none-eabi-gcc -o "weather_station.elf" @"objects.list"   -mcpu=cortex-m4 -T"C:\Users\damia\STM32CubeIDE\projekt_sen\weather_station\STM32F407VGTX_FLASH.ld" --specs=nosys.specs -Wl,-Map="weather_station.map" -Wl,--gc-sections -static --specs=nano.specs -mfpu=fpv4-sp-d16 -mfloat-abi=hard -mthumb -u _printf_float -Wl,--start-group -lc -lm -Wl,--end-group
Finished building target: weather_station.elf
 
arm-none-eabi-size  weather_station.elf 
arm-none-eabi-objdump -h -S weather_station.elf  > "weather_station.list"
   text	   data	    bss	    dec	    hex	filename
  63484	    712	   9544	  73740	  1200c	weather_station.elf
Finished building: default.size.stdout
 
Finished building: weather_station.list
 
19:53:08 **** Incremental Build of configuration Debug for project weather_station ****
make -j8 all 
arm-none-eabi-gcc "../Core/Src/mq9.c" -mcpu=cortex-m4 -std=gnu11 -g3 -DDEBUG -DUSE_HAL_DRIVER -DSTM32F407xx -c -I../Core/Inc -I../Drivers/STM32F4xx_HAL_Driver/Inc -I../Drivers/STM32F4xx_HAL_Driver/Inc/Legacy -I../Drivers/CMSIS/Device/ST/STM32F4xx/Include -I../Drivers/CMSIS/Include -I../USB_DEVICE/App -I../USB_DEVICE/Target -I../Middlewares/ST/STM32_USB_Device_Library/Core/Inc -I../Middlewares/ST/STM32_USB_Device_Library/Class/CDC/Inc -O0 -ffunction-sections -fdata-sections -Wall -fstack-usage -fcyclomatic-complexity -MMD -MP -MF"Core/Src/mq9.d" -MT"Core/Src/mq9.o" --specs=nano.specs -mfpu=fpv4-sp-d16 -mfloat-abi=hard -mthumb -o "Core/Src/mq9.o"
arm-none-eabi-gcc -o "weather_station.elf" @"objects.list"   -mcpu=cortex-m4 -T"C:\Users\damia\STM32CubeIDE\projekt_sen\weather_station\STM32F407VGTX_FLASH.ld" --specs=nosys.specs -Wl,-Map="weather_station.map" -Wl,--gc-sections -static --specs=nano.specs -mfpu=fpv4-sp-d16 -mfloat-abi=hard -mthumb -u _printf_float -Wl,--start-group -lc -lm -Wl,--end-group
Finished building target: weather_station.elf
 
arm-none-eabi-size  weather_station.elf 
arm-none-eabi-objdump -h -S weather_station.elf  > "weather_station.list"
   text	   data	    bss	    dec	    hex	filename
  63484	    712	   9544	  73740	  1200c	weather_station.elf
Finished building: default.size.stdout
 
Finished building: weather_station.list
 
19:54:02 **** Incremental Build of configuration Debug for project weather_station ****
make -j8 all 
arm-none-eabi-gcc "../Core/Src/mq9.c" -mcpu=cortex-m4 -std=gnu11 -g3 -DDEBUG -DUSE_HAL_DRIVER -DSTM32F407xx -c -I../Core/Inc -I../Drivers/STM32F4xx_HAL_Driver/Inc -I../Drivers/STM32F4xx_HAL_Driver/Inc/Legacy -I../Drivers/CMSIS/Device/ST/STM32F4xx/Include -I../Drivers/CMSIS/Include -I../USB_DEVICE/App -I../USB_DEVICE/Target -I../Middlewares/ST/STM32_USB_Device_Library/Core/Inc -I../Middlewares/ST/STM32_USB_Device_Library/Class/CDC/Inc -O0 -ffunction-sections -fdata-sections -Wall -fstack-usage -fcyclomatic-complexity -MMD -MP -MF"Core/Src/mq9.d" -MT"Core/Src/mq9.o" --specs=nano.specs -mfpu=fpv4-sp-d16 -mfloat-abi=hard -mthumb -o "Core/Src/mq9.o"
arm-none-eabi-gcc -o "weather_station.elf" @"objects.list"   -mcpu=cortex-m4 -T"C:\Users\damia\STM32CubeIDE\projekt_sen\weather_station\STM32F407VGTX_FLASH.ld" --specs=nosys.specs -Wl,-Map="weather_station.map" -Wl,--gc-sections -static --specs=nano.specs -mfpu=fpv4-sp-d16 -mfloat-abi=hard -mthumb -u _printf_float -Wl,--start-group -lc -lm -Wl,--end-group
Finished building target: weather_station.elf
 
arm-none-eabi-size  weather_station.elf 
arm-none-eabi-objdump -h -S weather_station.elf  > "weather_station.list"
   text	   data	    bss	    dec	    hex	filename
  63508	    712	   9544	  73764	  12024	weather_station.elf
Finished building: default.size.stdout
 
Finished building: weather_station.list
 
19:57:40 **** Incremental Build of configuration Debug for project weather_station ****
make -j8 all 
arm-none-eabi-gcc "../Core/Src/mq9.c" -mcpu=cortex-m4 -std=gnu11 -g3 -DDEBUG -DUSE_HAL_DRIVER -DSTM32F407xx -c -I../Core/Inc -I../Drivers/STM32F4xx_HAL_Driver/Inc -I../Drivers/STM32F4xx_HAL_Driver/Inc/Legacy -I../Drivers/CMSIS/Device/ST/STM32F4xx/Include -I../Drivers/CMSIS/Include -I../USB_DEVICE/App -I../USB_DEVICE/Target -I../Middlewares/ST/STM32_USB_Device_Library/Core/Inc -I../Middlewares/ST/STM32_USB_Device_Library/Class/CDC/Inc -O0 -ffunction-sections -fdata-sections -Wall -fstack-usage -fcyclomatic-complexity -MMD -MP -MF"Core/Src/mq9.d" -MT"Core/Src/mq9.o" --specs=nano.specs -mfpu=fpv4-sp-d16 -mfloat-abi=hard -mthumb -o "Core/Src/mq9.o"
arm-none-eabi-gcc -o "weather_station.elf" @"objects.list"   -mcpu=cortex-m4 -T"C:\Users\damia\STM32CubeIDE\projekt_sen\weather_station\STM32F407VGTX_FLASH.ld" --specs=nosys.specs -Wl,-Map="weather_station.map" -Wl,--gc-sections -static --specs=nano.specs -mfpu=fpv4-sp-d16 -mfloat-abi=hard -mthumb -u _printf_float -Wl,--start-group -lc -lm -Wl,--end-group
Finished building target: weather_station.elf
 
arm-none-eabi-size  weather_station.elf 
arm-none-eabi-objdump -h -S weather_station.elf  > "weather_station.list"
   text	   data	    bss	    dec	    hex	filename
  63516	    712	   9544	  73772	  1202c	weather_station.elf
Finished building: default.size.stdout
 
Finished building: weather_station.list
 
19:58:42 **** Incremental Build of configuration Debug for project weather_station ****
make -j8 all 
arm-none-eabi-gcc "../Core/Src/mq9.c" -mcpu=cortex-m4 -std=gnu11 -g3 -DDEBUG -DUSE_HAL_DRIVER -DSTM32F407xx -c -I../Core/Inc -I../Drivers/STM32F4xx_HAL_Driver/Inc -I../Drivers/STM32F4xx_HAL_Driver/Inc/Legacy -I../Drivers/CMSIS/Device/ST/STM32F4xx/Include -I../Drivers/CMSIS/Include -I../USB_DEVICE/App -I../USB_DEVICE/Target -I../Middlewares/ST/STM32_USB_Device_Library/Core/Inc -I../Middlewares/ST/STM32_USB_Device_Library/Class/CDC/Inc -O0 -ffunction-sections -fdata-sections -Wall -fstack-usage -fcyclomatic-complexity -MMD -MP -MF"Core/Src/mq9.d" -MT"Core/Src/mq9.o" --specs=nano.specs -mfpu=fpv4-sp-d16 -mfloat-abi=hard -mthumb -o "Core/Src/mq9.o"
arm-none-eabi-gcc -o "weather_station.elf" @"objects.list"   -mcpu=cortex-m4 -T"C:\Users\damia\STM32CubeIDE\projekt_sen\weather_station\STM32F407VGTX_FLASH.ld" --specs=nosys.specs -Wl,-Map="weather_station.map" -Wl,--gc-sections -static --specs=nano.specs -mfpu=fpv4-sp-d16 -mfloat-abi=hard -mthumb -u _printf_float -Wl,--start-group -lc -lm -Wl,--end-group
Finished building target: weather_station.elf
 
arm-none-eabi-size  weather_station.elf 
arm-none-eabi-objdump -h -S weather_station.elf  > "weather_station.list"
   text	   data	    bss	    dec	    hex	filename
  63516	    712	   9544	  73772	  1202c	weather_station.elf
Finished building: default.size.stdout
 
Finished building: weather_station.list
 
