19:58:42 **** Incremental Build of configuration Debug for project weather_station ****
make -j8 all 
arm-none-eabi-gcc "../Core/Src/mq9.c" -mcpu=cortex-m4 -std=gnu11 -g3 -DDEBUG -DUSE_HAL_DRIVER -DSTM32F407xx -c -I../Core/Inc -I../Drivers/STM32F4xx_HAL_Driver/Inc -I../Drivers/STM32F4xx_HAL_Driver/Inc/Legacy -I../Drivers/CMSIS/Device/ST/STM32F4xx/Include -I../Drivers/CMSIS/Include -I../USB_DEVICE/App -I../USB_DEVICE/Target -I../Middlewares/ST/STM32_USB_Device_Library/Core/Inc -I../Middlewares/ST/STM32_USB_Device_Library/Class/CDC/Inc -O0 -ffunction-sections -fdata-sections -Wall -fstack-usage -fcyclomatic-complexity -MMD -MP -MF"Core/Src/mq9.d" -MT"Core/Src/mq9.o" --specs=nano.specs -mfpu=fpv4-sp-d16 -mfloat-abi=hard -mthumb -o "Core/Src/mq9.o"
arm-none-eabi-gcc -o "weather_station.elf" @"objects.list"   -mcpu=cortex-m4 -T"C:\Users\damia\STM32CubeIDE\projekt_sen\weather_station\STM32F407VGTX_FLASH.ld" --specs=nosys.specs -Wl,-Map="weather_station.map" -Wl,--gc-sections -static --specs=nano.specs -mfpu=fpv4-sp-d16 -mfloat-abi=hard -mthumb -u _printf_float -Wl,--start-group -lc -lm -Wl,--end-group
Finished building target: weather_station.elf
 
arm-none-eabi-size  weather_station.elf 
arm-none-eabi-objdump -h -S weather_station.elf  > "weather_station.list"
   text	   data	    bss	    dec	    hex	filename
  63516	    712	   9544	  73772	  1202c	weather_station.elf
Finished building: default.size.stdout
 
Finished building: weather_station.list
 

19:58:43 Build Finished. 0 errors, 0 warnings. (took 1s.162ms)

